time_ps,temperature_K,kappa_in_W_mK,kappa_out_W_mK,kappa_total_W_mK
0.00000000,298.16296031,0.06450914,0.02536377,0.09005326
4.00000000,297.71191033,0.06781563,0.02679508,0.09451039
8.00000000,297.73878758,0.07081725,0.02813157,0.09913977
12.00000000,298.79421246,0.07403454,0.02902841,0.10269206
16.00000000,298.58190704,0.07546779,0.02926532,0.10434333
20.00000000,298.65429531,0.07806095,0.03066731,0.10820148
24.00000000,299.30679686,0.08096422,0.03346211,0.11382117
28.00000000,299.50372331,0.08308777,0.03338275,0.11583510
32.00000000,300.18771956,0.08635861,0.03503345,0.12093676
36.00000000,299.83598743,0.08861014,0.03547203,0.12352475
40.00000000,300.01075725,0.09312087,0.03633786,0.12853251
44.00000000,300.31097715,0.09438292,0.03827799,0.13230071
48.00000000,300.89145622,0.09547554,0.03817551,0.13285514
52.00000000,300.59463500,0.09582199,0.03838869,0.13363310
56.00000000,300.50742276,0.09821904,0.03923349,0.13725299
60.00000000,300.72336853,0.09969060,0.03979752,0.13890798
64.00000000,300.39800683,0.10207249,0.03980743,0.14149264
68.00000000,299.74033016,0.10296662,0.03893592,0.14140823
72.00000000,299.65757670,0.10687539,0.04068478,0.14738704
76.00000000,299.84273423,0.10950432,0.04229746,0.15191822
80.00000000,299.40697251,0.11222587,0.04216633,0.15418459
84.00000000,299.37570158,0.11641648,0.04253412,0.15922189
88.00000000,299.19373633,0.11731640,0.04329133,0.16069435
92.00000000,299.04819474,0.11749764,0.04292305,0.16009049
96.00000000,299.33060503,0.11755130,0.04299759,0.16023902
100.00000000,299.96407584,0.11657795,0.04336345,0.15935858
104.00000000,299.15202372,0.11986257,0.04382348,0.16284845
108.00000000,298.99120979,0.12323393,0.04658652,0.16866571
112.00000000,298.92687279,0.12366213,0.04810259,0.17028792
116.00000000,299.29903419,0.12485663,0.04854960,0.17233134
120.00000000,299.05220956,0.12703606,0.04745728,0.17396665
124.00000000,298.85977588,0.12894996,0.04921008,0.17771701
128.00000000,299.28778623,0.12839424,0.04901036,0.17680722
132.00000000,298.64178827,0.13022659,0.04989691,0.17920183
136.00000000,298.69127318,0.13013823,0.05109639,0.18016068
140.00000000,297.85666848,0.12935968,0.05253430,0.18105639
144.00000000,298.09318745,0.13023775,0.05173299,0.18153916
148.00000000,297.83948752,0.13296852,0.05092497,0.18365240
152.00000000,298.04831637,0.13571653,0.05221074,0.18776957
156.00000000,298.47757597,0.13646277,0.05262772,0.18914926
160.00000000,298.01874097,0.14072449,0.05313981,0.19421665
164.00000000,298.07699719,0.14271503,0.05277835,0.19559025
168.00000000,297.50115987,0.14273772,0.05273318,0.19558987
172.00000000,297.97824536,0.14498399,0.05308487,0.19857168
176.00000000,298.14386030,0.14692902,0.05469545,0.20207026
180.00000000,298.74829163,0.14487339,0.05560980,0.20099070
184.00000000,299.56737536,0.14721846,0.05588610,0.20338107
188.00000000,299.82945480,0.14715780,0.05640053,0.20401996
192.00000000,299.60190317,0.14921889,0.05732068,0.20707447
196.00000000,299.80849682,0.15239288,0.05712233,0.21003563
200.00000000,300.10747090,0.15372087,0.05888409,0.21285821
204.00000000,299.64926199,0.15786945,0.06048280,0.21838662
208.00000000,299.52293618,0.15844075,0.06146510,0.21993110
212.00000000,299.72027204,0.15853970,0.06181586,0.22118414
216.00000000,299.59305125,0.15899394,0.06149360,0.22103614
220.00000000,299.35285721,0.15986817,0.06080830,0.22100544
224.00000000,299.22359926,0.15962723,0.06023349,0.21994829
228.00000000,299.05574708,0.16114158,0.06039889,0.22158021
232.00000000,298.94182594,0.16090563,0.06067955,0.22168084
236.00000000,299.31982393,0.16002914,0.05874840,0.21869156
240.00000000,299.69817447,0.16151178,0.05977922,0.22100483
244.00000000,300.09073707,0.16172858,0.06047163,0.22234034
248.00000000,300.47691782,0.16325824,0.06086181,0.22443329
252.00000000,300.97490548,0.16565799,0.06200143,0.22779816
256.00000000,300.33571226,0.16647425,0.06277514,0.22967685
260.00000000,300.82065206,0.16815258,0.06453094,0.23284022
264.00000000,300.28699625,0.16950785,0.06462068,0.23447619
268.00000000,300.00809248,0.17087051,0.06376447,0.23505496
272.00000000,300.08899023,0.17232065,0.06328374,0.23601954
276.00000000,299.48535983,0.17327524,0.06343143,0.23718493
280.00000000,298.62173533,0.17336572,0.06545977,0.23907224
284.00000000,298.97963104,0.17412571,0.06548535,0.23933644
288.00000000,299.30479424,0.17459281,0.06656566,0.24115901
292.00000000,299.96665639,0.17462725,0.06706868,0.24142692
296.00000000,299.81559027,0.17616254,0.06748517,0.24340462
300.00000000,299.75755637,0.17806118,0.06745597,0.24524231
304.00000000,299.75837095,0.17953786,0.06766749,0.24658445
308.00000000,299.28535202,0.17920493,0.06736027,0.24614577
312.00000000,298.85387281,0.17889785,0.06806638,0.24669652
316.00000000,299.10305673,0.17937307,0.06811902,0.24768885
320.00000000,299.38399677,0.18084696,0.06756579,0.24844953
324.00000000,299.09148243,0.18102680,0.06545742,0.24705011
328.00000000,299.25598881,0.18268420,0.06831614,0.25160146
332.00000000,299.60346863,0.18497706,0.06927330,0.25451381
336.00000000,299.33465047,0.18544821,0.06908457,0.25490816
340.00000000,299.48478420,0.18886416,0.06959949,0.25880202
344.00000000,299.65222675,0.18754106,0.07002221,0.25798211
348.00000000,298.90751679,0.18785633,0.07016858,0.25832692
352.00000000,298.82110822,0.18804396,0.07097920,0.25892106
356.00000000,299.23106271,0.18841112,0.07130170,0.25982830
360.00000000,298.39837206,0.18910641,0.06986331,0.25899606
364.00000000,298.80752038,0.18776881,0.06849547,0.25603666
368.00000000,298.77871689,0.18635999,0.06799192,0.25408617
372.00000000,297.88680881,0.18726770,0.06839807,0.25549248
376.00000000,297.98479863,0.18708683,0.06955245,0.25598903
380.00000000,297.90337961,0.18685201,0.06802953,0.25397466
384.00000000,298.71133924,0.18914955,0.06906077,0.25751467
388.00000000,298.49850198,0.19047173,0.06934161,0.25937843
392.00000000,297.82108140,0.19206269,0.07040358,0.26181975
396.00000000,298.43021559,0.19254602,0.07025407,0.26206530
400.00000000,298.70033970,0.19258679,0.07033785,0.26202000
404.00000000,299.61102779,0.19192844,0.07079690,0.26202658
408.00000000,298.79786371,0.19000228,0.07124794,0.26089177
412.00000000,298.63361715,0.19090802,0.07152042,0.26224919
416.00000000,298.81496531,0.18960966,0.07072407,0.26063790
420.00000000,299.54709979,0.18987022,0.06971029,0.25925527
424.00000000,299.93850219,0.18872231,0.06944321,0.25797744
428.00000000,300.14862159,0.18866595,0.07032153,0.25882111
432.00000000,301.05645836,0.18867324,0.06967130,0.25832448
436.00000000,300.84499787,0.18971690,0.07197588,0.26157012
440.00000000,300.68059759,0.19149943,0.07225423,0.26362879
444.00000000,300.58197872,0.19195780,0.07186421,0.26376032
448.00000000,300.27137721,0.19114928,0.07160247,0.26282477
452.00000000,300.17472242,0.19269558,0.07157044,0.26446765
456.00000000,300.07479143,0.19233928,0.07211661,0.26503946
460.00000000,300.02783217,0.19442510,0.07184171,0.26704548
464.00000000,299.91659669,0.19375590,0.07170101,0.26629356
468.00000000,299.68444865,0.19509234,0.07214873,0.26795170
472.00000000,300.45937743,0.19411231,0.07154849,0.26596612
476.00000000,300.45657380,0.19331357,0.07121037,0.26465456
480.00000000,300.30412053,0.19471215,0.07211938,0.26727151
484.00000000,299.85948494,0.19556164,0.07343053,0.26937984
488.00000000,300.01211715,0.19566747,0.07407809,0.26968272
492.00000000,300.10427521,0.19638101,0.07440254,0.27092472
496.00000000,299.32350914,0.19330887,0.07403963,0.26706288
500.00000000,300.15200826,0.19086749,0.07271317,0.26354276
504.00000000,300.49278871,0.19004509,0.07166800,0.26142724
508.00000000,300.00606208,0.19109235,0.07154121,0.26173811
512.00000000,300.02755580,0.19214299,0.07104730,0.26211933
516.00000000,300.69895442,0.19471029,0.07123522,0.26527203
520.00000000,301.01040111,0.19536332,0.07164521,0.26633856
524.00000000,301.21149016,0.19527534,0.07175410,0.26639891
528.00000000,301.32001214,0.19552891,0.07128430,0.26650315
532.00000000,301.08080431,0.19699167,0.07295014,0.26927032
536.00000000,301.33827067,0.19648815,0.07377546,0.26967386
540.00000000,301.47708177,0.19889543,0.07398463,0.27241525
544.00000000,300.75486148,0.20062224,0.07425645,0.27456707
548.00000000,300.80358717,0.20096913,0.07542966,0.27617473
552.00000000,300.11246251,0.20060749,0.07491384,0.27544280
556.00000000,301.12898036,0.20182211,0.07397786,0.27561157
560.00000000,301.52056773,0.20098687,0.07379247,0.27474183
564.00000000,302.37420280,0.20093104,0.07450936,0.27507950
568.00000000,302.22632592,0.19981750,0.07517901,0.27435850
572.00000000,302.25919978,0.20139390,0.07615473,0.27704320
576.00000000,302.58483772,0.20327690,0.07562362,0.27822764
580.00000000,302.75321189,0.20532896,0.07552502,0.28048964
584.00000000,302.61983082,0.20643798,0.07539530,0.28182185
588.00000000,302.34661708,0.20760629,0.07525958,0.28283109
592.00000000,302.08395362,0.20721709,0.07515219,0.28259164
596.00000000,301.78533958,0.20702277,0.07497615,0.28238801
600.00000000,302.30625919,0.21095973,0.07389226,0.28528612
604.00000000,302.01366027,0.21172748,0.07428066,0.28686070
608.00000000,301.59796953,0.20983564,0.07545323,0.28622878
612.00000000,301.37121945,0.21245808,0.07606690,0.28946931
616.00000000,300.40295061,0.21458918,0.07737013,0.29312299
620.00000000,300.02819597,0.21554732,0.07724532,0.29369551
624.00000000,299.93201907,0.21540682,0.07832131,0.29454157
628.00000000,299.97871012,0.21334189,0.07818501,0.29270574
632.00000000,300.57080606,0.21234216,0.07817850,0.29198275
636.00000000,300.81074362,0.21349926,0.07793590,0.29233330
640.00000000,300.63595046,0.21215453,0.07780680,0.29081041
644.00000000,300.39352960,0.21113955,0.07792730,0.29016442
648.00000000,299.91818634,0.20991814,0.07724138,0.28788638
652.00000000,300.02284301,0.20852561,0.07593918,0.28524125
656.00000000,300.17027416,0.20961668,0.07501777,0.28567230
660.00000000,300.17853999,0.20994148,0.07490783,0.28542358
664.00000000,299.82180181,0.20969440,0.07498891,0.28506266
668.00000000,300.02255920,0.21228438,0.07422358,0.28738924
672.00000000,299.80792101,0.21447723,0.07295405,0.28820663
676.00000000,299.54609493,0.21437056,0.07343331,0.28857630
680.00000000,298.70394729,0.21495595,0.07350759,0.28942354
684.00000000,298.62973803,0.21437108,0.07396760,0.28945075
688.00000000,297.88300421,0.21290335,0.07532839,0.28929195
692.00000000,297.88588987,0.21476275,0.07441064,0.29016523
696.00000000,298.04286169,0.21201575,0.07689416,0.28948771
700.00000000,297.93788596,0.21431936,0.07686202,0.29152807
704.00000000,297.75994390,0.21375744,0.07623620,0.28989875
708.00000000,297.55252678,0.21330318,0.07567871,0.28943583
712.00000000,297.46413235,0.21229448,0.07615521,0.28847791
716.00000000,298.19692781,0.21393510,0.07822031,0.29162925
720.00000000,297.44358764,0.21409836,0.07748551,0.29167796
724.00000000,298.26762171,0.21362821,0.07741522,0.29134135
728.00000000,298.67175682,0.21433738,0.07824598,0.29285936
732.00000000,299.38393019,0.21385476,0.07900197,0.29328435
736.00000000,299.16698651,0.21429124,0.08021763,0.29454980
740.00000000,299.19305756,0.21396710,0.08016109,0.29440621
744.00000000,299.85577047,0.21444044,0.07985872,0.29396053
748.00000000,299.36051352,0.21626467,0.07959053,0.29561670
752.00000000,299.56646932,0.21745372,0.07913594,0.29657724
756.00000000,299.15563927,0.21770088,0.07765637,0.29479390
760.00000000,298.33515637,0.21680107,0.07692586,0.29340183
764.00000000,298.60881454,0.21600074,0.07707589,0.29292272
768.00000000,298.89062848,0.21515214,0.07884845,0.29307328
772.00000000,299.01795522,0.21504656,0.07926715,0.29394362
776.00000000,299.40704332,0.21574554,0.07887688,0.29435241
780.00000000,299.79229124,0.21525370,0.07811872,0.29313580
784.00000000,299.51795518,0.21706703,0.07679017,0.29427648
788.00000000,299.63389800,0.21624966,0.07668683,0.29325840
792.00000000,299.68185686,0.21703911,0.07534763,0.29276063
796.00000000,299.82779440,0.21667260,0.07536882,0.29292866
800.00000000,299.71174260,0.21730962,0.07423520,0.29232009
804.00000000,299.68865198,0.21668544,0.07363077,0.29075426
808.00000000,299.99323887,0.21496370,0.07422010,0.28974023
812.00000000,299.58630756,0.21456275,0.07445629,0.28913852
816.00000000,299.49158700,0.21547955,0.07373375,0.28885759
820.00000000,299.82997165,0.21376150,0.07402706,0.28697769
824.00000000,300.15993742,0.21176638,0.07421679,0.28599767
828.00000000,299.83724146,0.21387074,0.07524244,0.28890832
832.00000000,299.19545127,0.21211178,0.07542470,0.28699306
836.00000000,299.36973582,0.21537124,0.07550288,0.29074680
840.00000000,299.59398777,0.21539060,0.07629602,0.29154906
844.00000000,299.33803043,0.21405094,0.07634657,0.29004897
848.00000000,298.99884812,0.21333350,0.07657405,0.28971112
852.00000000,299.35792613,0.21200283,0.07622992,0.28833654
856.00000000,300.17812792,0.21107845,0.07599149,0.28703986
860.00000000,300.69318436,0.21246253,0.07665922,0.28929637
864.00000000,300.15337085,0.20958942,0.07609447,0.28542821
868.00000000,300.32598000,0.20952253,0.07575121,0.28455947
872.00000000,300.25496046,0.20960364,0.07735136,0.28617853
876.00000000,299.87141585,0.21094483,0.07655176,0.28658603
880.00000000,299.63793785,0.21012797,0.07760723,0.28670859
884.00000000,300.19073897,0.21076587,0.07782296,0.28771138
888.00000000,299.64933381,0.21042421,0.07714074,0.28666470
892.00000000,299.36007470,0.20828416,0.07771493,0.28560732
896.00000000,298.99462737,0.20905336,0.07857818,0.28760034
900.00000000,298.98117968,0.20738572,0.07711288,0.28423628
904.00000000,299.20649101,0.20889797,0.07766453,0.28637646
908.00000000,299.78552157,0.20791461,0.07756918,0.28529714
912.00000000,299.83873932,0.20630991,0.07722211,0.28378888
916.00000000,300.22640072,0.20769301,0.07738185,0.28566381
920.00000000,299.72925830,0.20938501,0.07847985,0.28832573
924.00000000,299.90659303,0.20840357,0.07713355,0.28660596
928.00000000,300.34553189,0.20978595,0.07660288,0.28714776
932.00000000,300.68495399,0.20847526,0.07650421,0.28536933
936.00000000,300.28937558,0.20790904,0.07680484,0.28474219
940.00000000,299.83372418,0.20735988,0.07701230,0.28404717
944.00000000,300.41696596,0.20578748,0.07619122,0.28155949
948.00000000,300.38787437,0.20696310,0.07652214,0.28325467
952.00000000,300.23839909,0.20576831,0.07754633,0.28254245
956.00000000,299.85992432,0.20691618,0.07671937,0.28319700
960.00000000,300.13929304,0.20523156,0.07711477,0.28206892
964.00000000,300.75818867,0.20477578,0.07706600,0.28150081
968.00000000,300.59854165,0.20388582,0.07823596,0.28137508
972.00000000,299.91878865,0.20259887,0.07849291,0.27997515
976.00000000,299.47897675,0.20232602,0.07902654,0.28042469
980.00000000,299.72746812,0.20570941,0.07757779,0.28252346
984.00000000,299.48455406,0.20567113,0.07788961,0.28340305
988.00000000,299.57897607,0.20776598,0.07688984,0.28389700
992.00000000,299.59599278,0.20875127,0.07745942,0.28612868
996.00000000,298.68934541,0.20979851,0.07758923,0.28761094
1000.00000000,299.24511247,0.20984827,0.07741016,0.28725163
1004.00000000,298.94407721,0.21025158,0.07740537,0.28759078
1008.00000000,298.82387614,0.21055832,0.07815785,0.28874484
1012.00000000,299.39940844,0.20745758,0.07838902,0.28555993
1016.00000000,299.67381121,0.20934025,0.07947787,0.28868739
1020.00000000,299.76832003,0.20940826,0.07908646,0.28847335
1024.00000000,300.11600075,0.20981525,0.07875558,0.28794263
1028.00000000,300.20340542,0.20944542,0.07845359,0.28746824
1032.00000000,300.20305328,0.20926579,0.07822586,0.28748820
1036.00000000,300.00352012,0.20774032,0.07857771,0.28589330
1040.00000000,299.80816329,0.20609863,0.07793226,0.28389053
1044.00000000,299.57970908,0.20565285,0.07785148,0.28310149
1048.00000000,299.76051369,0.20696771,0.07736521,0.28442206
1052.00000000,300.16005796,0.20596988,0.07672823,0.28277265
1056.00000000,299.94537208,0.20682690,0.07656806,0.28319915
1060.00000000,300.92560240,0.20843337,0.07755238,0.28624968
1064.00000000,300.67830933,0.20973512,0.07708398,0.28694782
1068.00000000,300.72004222,0.21028518,0.07821355,0.28857938
1072.00000000,300.34590907,0.21082992,0.07837034,0.28950390
1076.00000000,300.71476764,0.21209625,0.07792972,0.29022292
1080.00000000,300.19606504,0.21101631,0.07860007,0.28947633
1084.00000000,299.81892081,0.20955478,0.07823854,0.28808164
1088.00000000,299.36669221,0.20962603,0.07795545,0.28815896
1092.00000000,299.98928222,0.21068861,0.07688660,0.28774674
1096.00000000,300.41352466,0.20821463,0.07701337,0.28519537
1100.00000000,300.54335584,0.20744596,0.07655235,0.28370348
1104.00000000,299.62410473,0.20641090,0.07844888,0.28453191
1108.00000000,299.01620911,0.20662925,0.07815201,0.28462463
1112.00000000,298.77327218,0.20670803,0.07757452,0.28389520
1116.00000000,298.68158472,0.20680563,0.07750594,0.28386550
1120.00000000,298.12093055,0.20627356,0.07639418,0.28249302
1124.00000000,298.24970556,0.20848133,0.07712157,0.28548188
1128.00000000,298.04770322,0.20745824,0.07778909,0.28525688
1132.00000000,298.05111882,0.20787943,0.07724834,0.28497026
1136.00000000,297.22321678,0.20774409,0.07769674,0.28550613
1140.00000000,296.49514373,0.20624402,0.07727884,0.28392086
1144.00000000,295.95032881,0.20573898,0.07794033,0.28367822
1148.00000000,295.97763055,0.20529063,0.07955628,0.28445530
1152.00000000,296.55669852,0.20384331,0.08049483,0.28351909
1156.00000000,296.91821676,0.20394231,0.08175773,0.28503858
1160.00000000,296.70214636,0.20377406,0.08088661,0.28410285
1164.00000000,297.35095614,0.20426024,0.08220510,0.28620730
1168.00000000,297.39491004,0.20491341,0.08218332,0.28721010
1172.00000000,297.36568398,0.20794123,0.08300236,0.29106881
1176.00000000,297.22672081,0.20735507,0.08322138,0.29077156
1180.00000000,297.00642585,0.20806520,0.08195805,0.28983189
1184.00000000,297.43873496,0.20704044,0.08156186,0.28891285
1188.00000000,297.33745956,0.20850298,0.08112514,0.29009305
1192.00000000,297.62605987,0.20915689,0.08050716,0.29031130
1196.00000000,297.58911019,0.20786774,0.08044639,0.28899260
1200.00000000,297.96057712,0.20766841,0.07990463,0.28844949
1204.00000000,298.22559556,0.20809155,0.07919371,0.28825402
1208.00000000,298.32536309,0.20714258,0.07849186,0.28644631
1212.00000000,298.48672745,0.20879750,0.07877158,0.28847915
1216.00000000,299.35816753,0.20956086,0.07794161,0.28832262
1220.00000000,299.95950635,0.20966348,0.07770717,0.28808438
1224.00000000,299.62835066,0.21274435,0.07714883,0.29078329
1228.00000000,299.68132376,0.21399335,0.07766538,0.29207139
1232.00000000,299.70063732,0.21309097,0.07808668,0.29179198
1236.00000000,299.43490571,0.21203085,0.07835104,0.29022868
1240.00000000,298.98635530,0.21218348,0.07866808,0.29064801
1244.00000000,299.45630977,0.21085494,0.07893263,0.28944194
1248.00000000,299.79749032,0.21039144,0.07850338,0.28869513
1252.00000000,299.02420285,0.21047172,0.07761908,0.28760009
1256.00000000,298.09708389,0.21104273,0.07600976,0.28667688
1260.00000000,298.24821911,0.20968691,0.07766321,0.28739405
1264.00000000,298.99268960,0.21037817,0.07654448,0.28672688
1268.00000000,298.85720936,0.21153211,0.07581152,0.28718231
1272.00000000,298.64901021,0.21108252,0.07625783,0.28784834
1276.00000000,298.35738502,0.21243905,0.07645324,0.28921999
1280.00000000,298.31350866,0.21476473,0.07643211,0.29183665
1284.00000000,298.73632579,0.21647964,0.07666786,0.29331586
1288.00000000,298.84239439,0.21644316,0.07811034,0.29500662
1292.00000000,298.67210414,0.21545915,0.07765446,0.29401619
1296.00000000,298.66278086,0.21539360,0.07914690,0.29542488
1300.00000000,298.24821067,0.21303169,0.07924134,0.29305511
1304.00000000,298.29902627,0.21193428,0.07958534,0.29240217
1308.00000000,298.56323175,0.21206202,0.08048347,0.29338107
1312.00000000,298.81206693,0.20962708,0.08146829,0.29164800
1316.00000000,298.90167294,0.20849200,0.08261938,0.29169331
1320.00000000,299.32187926,0.20901264,0.08274844,0.29200315
1324.00000000,298.90564146,0.20667767,0.08184388,0.28834382
1328.00000000,298.90869979,0.20790846,0.08038658,0.28834229
1332.00000000,299.00393280,0.20686639,0.07935077,0.28562654
1336.00000000,298.19399193,0.20832171,0.08018127,0.28824416
1340.00000000,298.49892933,0.20744619,0.08107129,0.28849582
1344.00000000,298.36578172,0.20473778,0.08156136,0.28588582
1348.00000000,298.31102069,0.20521839,0.08097734,0.28594671
1352.00000000,297.90981308,0.20397704,0.07996627,0.28370716
1356.00000000,297.92374737,0.20103804,0.08036330,0.28134397
1360.00000000,298.02973612,0.20079200,0.08048522,0.28148154
1364.00000000,297.77084089,0.20157854,0.07980811,0.28110013
1368.00000000,298.74978978,0.20184706,0.07909375,0.28102325
1372.00000000,299.39379656,0.20283621,0.07908602,0.28169417
1376.00000000,299.64621568,0.20636944,0.07877790,0.28479698
1380.00000000,299.56428664,0.20574809,0.07858677,0.28472294
1384.00000000,299.45947568,0.20503498,0.07877338,0.28364478
1388.00000000,299.81208514,0.20576065,0.07903352,0.28441926
1392.00000000,299.98251976,0.20546398,0.07868606,0.28375305
1396.00000000,300.50349868,0.20393313,0.07805063,0.28211991
1400.00000000,300.26150358,0.20547442,0.07687376,0.28233928
1404.00000000,300.35666246,0.20434372,0.07643469,0.28048984
1408.00000000,299.81445873,0.20498230,0.07576469,0.28062197
1412.00000000,300.13475533,0.20684680,0.07639298,0.28318432
1416.00000000,299.96402255,0.20610908,0.07582476,0.28184784
1420.00000000,299.69269005,0.20616693,0.07638925,0.28242747
1424.00000000,299.14057258,0.20716514,0.07701419,0.28417315
1428.00000000,298.89406486,0.20436487,0.07870458,0.28302381
1432.00000000,299.22274198,0.20441048,0.07850487,0.28325378
1436.00000000,299.25362670,0.20362793,0.07932298,0.28297498
1440.00000000,299.36227600,0.20374907,0.07922303,0.28302777
1444.00000000,299.10809547,0.20507714,0.07934261,0.28423842
1448.00000000,298.98910456,0.20581183,0.08122729,0.28657860
1452.00000000,299.29227145,0.20742116,0.08127273,0.28871753
1456.00000000,299.32039854,0.20927802,0.08151481,0.29086846
1460.00000000,299.24237221,0.21062109,0.08033948,0.29078894
1464.00000000,299.17731137,0.21022106,0.07962747,0.28990776
1468.00000000,299.52481320,0.21094070,0.07885581,0.28994114
1472.00000000,299.03919496,0.20878247,0.07918901,0.28838748
1476.00000000,299.04669179,0.20959022,0.07944345,0.28961292
1480.00000000,299.54408914,0.21075004,0.07894924,0.29037332
1484.00000000,299.36077154,0.21252118,0.07960480,0.29234790
1488.00000000,299.46392628,0.21348937,0.08015339,0.29382734
1492.00000000,299.18946516,0.21340214,0.08032156,0.29384412
1496.00000000,298.95290963,0.21051892,0.08011950,0.29106047
1500.00000000,298.74050413,0.21027017,0.08021795,0.29070109
1504.00000000,298.83372077,0.21074739,0.08091005,0.29213649
1508.00000000,298.56152321,0.21092447,0.08018773,0.29136108
1512.00000000,298.59914311,0.21274712,0.08100464,0.29381454
1516.00000000,299.12530891,0.21664993,0.08066716,0.29766539
1520.00000000,299.38107578,0.21450268,0.08125876,0.29598314
1524.00000000,299.13817787,0.21444096,0.08256064,0.29689616
1528.00000000,299.55209162,0.21179442,0.08228838,0.29416725
1532.00000000,299.48117715,0.21206410,0.08163975,0.29371585
1536.00000000,298.88021365,0.20996517,0.08026113,0.29065454
1540.00000000,299.23109153,0.21080958,0.07995954,0.29111758
1544.00000000,298.90747717,0.21012594,0.07966595,0.29024714
1548.00000000,298.89909879,0.21228048,0.08006673,0.29299952
1552.00000000,298.67785196,0.21321893,0.08140564,0.29542499
1556.00000000,298.64393142,0.21032319,0.08141548,0.29249140
1560.00000000,298.56748028,0.20964661,0.08164785,0.29164595
1564.00000000,298.07286301,0.20827338,0.08019187,0.28852373
1568.00000000,298.77260507,0.20668767,0.08054967,0.28757074
1572.00000000,299.42712050,0.20712410,0.08104478,0.28865498
1576.00000000,299.62439073,0.20778338,0.07899935,0.28680537
1580.00000000,300.59713299,0.20833304,0.07921327,0.28778856
1584.00000000,300.54238937,0.20969180,0.07886747,0.28895360
1588.00000000,300.37655236,0.20692854,0.07846300,0.28539267
1592.00000000,300.23303029,0.20578987,0.07713687,0.28297362
1596.00000000,299.82855872,0.20584781,0.07710450,0.28280291
1600.00000000,299.25949691,0.20987017,0.07726662,0.28699721
