time_ps,temperature_K,kappa_in_W_mK,kappa_out_W_mK,kappa_total_W_mK
0.00000000,297.84600291,0.12494465,0.04333652,0.16827401
4.00000000,297.66727288,0.12763522,0.04350488,0.17077450
8.00000000,297.85790448,0.13171904,0.04828971,0.18006083
12.00000000,298.47383405,0.13537932,0.04810400,0.18296822
16.00000000,298.55982075,0.13892279,0.05204208,0.19098976
20.00000000,298.37246439,0.14446417,0.05034554,0.19531759
24.00000000,297.93760289,0.15314340,0.04921060,0.20380380
28.00000000,298.13798911,0.15632360,0.05244971,0.20966969
32.00000000,297.83718929,0.16032918,0.05249278,0.21415062
36.00000000,297.83320834,0.16642206,0.05442424,0.22226369
40.00000000,297.65763084,0.16876865,0.05255013,0.22167790
44.00000000,297.93979303,0.16923853,0.05274843,0.22234327
48.00000000,297.84233002,0.17052313,0.05604451,0.22693830
52.00000000,298.83807969,0.17529129,0.05717713,0.23202314
56.00000000,299.02680181,0.17881893,0.05545911,0.23441203
60.00000000,299.18039172,0.18656141,0.05667018,0.24304711
64.00000000,299.20544963,0.19398907,0.05692976,0.25136666
68.00000000,299.37941793,0.19976297,0.05801533,0.25771263
72.00000000,298.89451941,0.20489318,0.06235447,0.26558304
76.00000000,299.24482244,0.20949193,0.06367155,0.27245702
80.00000000,299.16364765,0.21304172,0.06425506,0.27733553
84.00000000,299.75084803,0.21781298,0.06585763,0.28243713
88.00000000,300.87140703,0.21832289,0.06755941,0.28456360
92.00000000,300.94455085,0.22071168,0.07312643,0.29225683
96.00000000,300.46119276,0.22381408,0.07700170,0.30000870
100.00000000,299.85742169,0.22197048,0.07856869,0.29956896
104.00000000,300.43503319,0.22294069,0.07712841,0.29857989
108.00000000,299.78707170,0.22758900,0.07894026,0.30674579
112.00000000,299.49137787,0.23459641,0.08148941,0.31598684
116.00000000,299.04356814,0.23148740,0.08143625,0.31252630
120.00000000,299.65063369,0.23484679,0.08663397,0.32089871
124.00000000,299.37180282,0.23254537,0.08921357,0.32077513
128.00000000,298.78587246,0.23921626,0.08732964,0.32496266
132.00000000,299.23718836,0.24312027,0.08697280,0.32946203
136.00000000,298.94543851,0.24787713,0.08496593,0.33173416
140.00000000,298.15564659,0.24833547,0.08818440,0.33606753
144.00000000,297.91165285,0.25304522,0.09165264,0.34371912
148.00000000,297.73321613,0.25181815,0.09251142,0.34330941
152.00000000,297.51025813,0.25176738,0.09742391,0.34818555
156.00000000,297.35918272,0.25659102,0.10083279,0.35631892
160.00000000,297.64562001,0.26289100,0.10308788,0.36555435
164.00000000,297.70675124,0.27159061,0.10273918,0.37387757
168.00000000,298.20483584,0.27425320,0.10356502,0.37727290
172.00000000,298.86678565,0.27624074,0.10648148,0.38255996
176.00000000,298.94079283,0.28119175,0.10720527,0.38842755
180.00000000,299.13801992,0.28078716,0.10820561,0.38899228
184.00000000,298.66575581,0.28259846,0.11090437,0.39411102
188.00000000,298.97544225,0.28697047,0.10755368,0.39554046
192.00000000,298.92595451,0.28923753,0.10823716,0.39793194
196.00000000,299.40300877,0.29593596,0.10964223,0.40510377
200.00000000,299.70147729,0.30150551,0.11043714,0.41220302
204.00000000,299.66555104,0.29970492,0.10922896,0.40921030
208.00000000,299.40075617,0.30025774,0.10736245,0.40768912
212.00000000,299.31729360,0.30060711,0.10969505,0.41131609
216.00000000,299.33593120,0.30151623,0.11252244,0.41513534
220.00000000,299.39674331,0.31160821,0.11134643,0.42329584
224.00000000,300.23470243,0.30996449,0.11169858,0.42062950
228.00000000,300.48285962,0.31529607,0.11212054,0.42642821
232.00000000,300.58223303,0.31780478,0.11120166,0.42757498
236.00000000,301.01450246,0.32674014,0.11045570,0.43592038
240.00000000,301.05890894,0.33191126,0.11030636,0.44163245
244.00000000,301.17104848,0.32985271,0.11496223,0.44371736
248.00000000,300.75333522,0.33342857,0.11945261,0.45299456
252.00000000,300.72410268,0.33519661,0.11968386,0.45385612
256.00000000,300.38258638,0.33368330,0.12332700,0.45634512
260.00000000,300.65093992,0.33546828,0.12443438,0.45978191
264.00000000,300.40134065,0.34368811,0.12175147,0.46552724
268.00000000,299.53303905,0.34170253,0.12557403,0.46771233
272.00000000,299.18693324,0.34619311,0.12690679,0.47261150
276.00000000,299.60474087,0.34813307,0.12300536,0.47116891
280.00000000,299.24316146,0.35593473,0.12401586,0.48053113
284.00000000,299.40305057,0.35428970,0.12570744,0.47992858
288.00000000,299.09759340,0.35518600,0.12503596,0.48062459
292.00000000,298.77601612,0.35580006,0.12553402,0.48136183
296.00000000,299.20471787,0.35485975,0.12426114,0.47890228
300.00000000,299.55651572,0.36067501,0.12659016,0.48631218
304.00000000,299.29118194,0.35870109,0.12644205,0.48353682
308.00000000,299.36308015,0.36254246,0.12554655,0.48717686
312.00000000,299.01656998,0.36621058,0.12854904,0.49484656
316.00000000,299.23086825,0.36709059,0.12684407,0.49503435
320.00000000,299.59310959,0.36815073,0.12763518,0.49654329
324.00000000,299.69437131,0.36940602,0.12641370,0.49578907
328.00000000,300.10457319,0.37070607,0.12755146,0.49894244
332.00000000,299.92830201,0.36905135,0.12766406,0.49698913
336.00000000,300.52769710,0.37173217,0.12828435,0.49958747
340.00000000,300.14198034,0.37663003,0.13152904,0.50629188
344.00000000,299.56550726,0.37240055,0.13154716,0.50271478
348.00000000,299.98475987,0.37233796,0.13068376,0.50091463
352.00000000,300.45156712,0.37182573,0.12758444,0.49822644
356.00000000,300.95386148,0.37099171,0.13075922,0.50083942
360.00000000,300.84351690,0.36868471,0.13147028,0.49881730
364.00000000,300.47518706,0.37242001,0.13057712,0.50209990
368.00000000,300.37809369,0.37204320,0.13118136,0.50142654
372.00000000,299.85639490,0.37018428,0.13216300,0.50182153
376.00000000,300.09174176,0.37270307,0.13335477,0.50655193
380.00000000,300.08518851,0.37642807,0.13441638,0.51174335
384.00000000,299.97381100,0.37980552,0.13284236,0.51368844
388.00000000,300.46169995,0.38128328,0.13288272,0.51704988
392.00000000,299.64831134,0.38538995,0.13794918,0.52579456
396.00000000,299.86286098,0.39236202,0.13688460,0.53152744
400.00000000,299.51252730,0.38931925,0.13540378,0.52621887
404.00000000,300.32040251,0.39679242,0.13644250,0.53351124
408.00000000,300.49448235,0.38861950,0.13387370,0.52392580
412.00000000,300.14404851,0.38740991,0.13245015,0.52080157
416.00000000,300.61451677,0.38246034,0.13068983,0.51473473
420.00000000,300.76143887,0.38522227,0.12993766,0.51546284
424.00000000,300.27637628,0.38515825,0.13403198,0.51978685
428.00000000,300.42284373,0.38321796,0.13473200,0.51734529
432.00000000,301.05141560,0.38039479,0.13615184,0.51624515
436.00000000,300.70348249,0.37933034,0.13623937,0.51648186
440.00000000,300.43375632,0.38184136,0.13615112,0.51719761
444.00000000,299.94030202,0.38266655,0.13705253,0.51907194
448.00000000,299.96728896,0.38620118,0.14263939,0.52821434
452.00000000,299.34057217,0.38854462,0.14215489,0.53086261
456.00000000,299.25208556,0.39067294,0.14062803,0.53209859
460.00000000,298.87321464,0.39289063,0.13682763,0.53049017
464.00000000,298.57200594,0.38801816,0.13960603,0.52902178
468.00000000,298.36410780,0.39118183,0.13984322,0.53225127
472.00000000,298.16505591,0.39019424,0.14315961,0.53360861
476.00000000,298.58197209,0.39835819,0.14186312,0.54045527
480.00000000,299.24217747,0.39776276,0.14515754,0.54263580
484.00000000,299.02402388,0.40083080,0.14607129,0.54691710
488.00000000,299.80432100,0.41021205,0.14637493,0.55733454
492.00000000,300.00581524,0.41053047,0.15035018,0.56164522
496.00000000,299.28772975,0.41295491,0.15340359,0.56736248
500.00000000,299.34918574,0.41739982,0.15311638,0.57120820
504.00000000,299.60943437,0.41542570,0.15565646,0.57262002
508.00000000,299.87829963,0.41723572,0.15652485,0.57646958
512.00000000,300.52544947,0.42227119,0.15970896,0.58470215
516.00000000,300.23888433,0.42037830,0.15468862,0.57687767
520.00000000,301.07099872,0.41663713,0.15075765,0.56903151
524.00000000,300.77203206,0.41241450,0.15129178,0.56595415
528.00000000,301.04274075,0.41623190,0.14955359,0.56661730
532.00000000,300.10969809,0.41972325,0.15125635,0.57162730
536.00000000,300.65303648,0.42424177,0.15294844,0.57594398
540.00000000,300.16060197,0.42742932,0.15090015,0.57660222
544.00000000,299.99706662,0.42162555,0.15000124,0.57047408
548.00000000,300.23061185,0.42371773,0.14812544,0.57073870
552.00000000,299.64035175,0.42500894,0.14851270,0.57206150
556.00000000,299.73341518,0.41561739,0.14722346,0.56179908
560.00000000,300.31707527,0.41535096,0.14445776,0.55998090
564.00000000,300.69042026,0.41528849,0.14199787,0.55718899
568.00000000,300.98283380,0.42241814,0.14284202,0.56548419
572.00000000,300.81180988,0.42022355,0.14205931,0.56213372
576.00000000,300.61617458,0.41920761,0.14221150,0.56130454
580.00000000,300.29462122,0.41986219,0.14201507,0.56225346
584.00000000,299.91889536,0.41891593,0.14548894,0.56502743
588.00000000,300.12982057,0.41825717,0.14792989,0.56688112
592.00000000,300.23547519,0.41749901,0.14517142,0.56275813
596.00000000,299.72912346,0.41216036,0.14810542,0.55971051
600.00000000,299.47346396,0.42019087,0.14748144,0.56718550
604.00000000,299.26455201,0.42455068,0.14843953,0.57235075
608.00000000,298.82423032,0.42121666,0.14962091,0.57079300
612.00000000,298.58605947,0.42193639,0.14777242,0.57028772
616.00000000,298.34310290,0.41159046,0.14923963,0.56213804
620.00000000,298.95047453,0.41203509,0.14591539,0.55896061
624.00000000,298.65711033,0.41153144,0.14813236,0.56123416
628.00000000,299.19797914,0.41847392,0.14407601,0.56303916
632.00000000,298.97070661,0.40889950,0.15035570,0.55951824
636.00000000,298.90859156,0.41235501,0.14977904,0.56285820
640.00000000,298.84113357,0.41670586,0.15291222,0.57069756
644.00000000,298.93993360,0.41892662,0.15115386,0.57151579
648.00000000,298.85086476,0.41174021,0.15393213,0.56549376
652.00000000,299.36269702,0.41367113,0.15144289,0.56504992
656.00000000,298.98219501,0.41229289,0.15068296,0.56339976
660.00000000,299.30622631,0.40870818,0.15220555,0.56144735
664.00000000,299.26606252,0.40909543,0.15244968,0.56243293
668.00000000,298.93542933,0.41195845,0.15315264,0.56596039
672.00000000,298.82097310,0.40957810,0.15568333,0.56530739
676.00000000,298.80571404,0.41366880,0.15912148,0.57221812
680.00000000,299.10013589,0.41129403,0.15684778,0.56789548
684.00000000,298.84356635,0.41111288,0.15796915,0.56822755
688.00000000,299.00977448,0.40623874,0.15536286,0.56082844
692.00000000,298.91842660,0.40657317,0.15810730,0.56296243
696.00000000,299.58057500,0.41099118,0.16053363,0.56870731
700.00000000,299.18816473,0.40960367,0.15850163,0.56513130
704.00000000,299.30922832,0.41158768,0.15782041,0.56729425
708.00000000,299.59524878,0.41821348,0.15871064,0.57561671
712.00000000,299.49809502,0.41442107,0.15617533,0.56931696
716.00000000,299.51236134,0.41607459,0.15745304,0.57327061
720.00000000,298.83022012,0.41265596,0.16035182,0.57153142
724.00000000,299.09015789,0.41141715,0.16218945,0.57099816
728.00000000,298.96370546,0.41637388,0.16007223,0.57437449
732.00000000,299.04030083,0.41976911,0.16016844,0.57823089
736.00000000,298.77469687,0.41774945,0.15705563,0.57310837
740.00000000,298.89531598,0.41565371,0.15592198,0.57018142
744.00000000,298.59679640,0.41379797,0.15897614,0.57113087
748.00000000,297.82592336,0.41267322,0.15732744,0.56857207
752.00000000,297.94933846,0.41991996,0.15549603,0.57512395
756.00000000,298.45968242,0.42240991,0.15654149,0.57904687
760.00000000,298.19365564,0.42184789,0.15315874,0.57564219
764.00000000,298.25794543,0.42757704,0.15410762,0.58214899
768.00000000,298.34774910,0.43095885,0.15381809,0.58455435
772.00000000,297.93805391,0.42510170,0.14965196,0.57351588
776.00000000,297.56693579,0.42287513,0.14789641,0.57074607
780.00000000,297.53875414,0.42829511,0.14473958,0.57274481
784.00000000,298.17931794,0.42573136,0.14448202,0.56959084
788.00000000,298.18571314,0.42631057,0.14435194,0.57020577
792.00000000,298.52859496,0.42298646,0.14377338,0.56584470
796.00000000,298.28175558,0.42791861,0.14326233,0.56992315
800.00000000,298.65298177,0.42956537,0.14331426,0.57224502
804.00000000,298.93402527,0.43488263,0.14456640,0.57853179
808.00000000,299.29325820,0.43284655,0.14320965,0.57487337
812.00000000,298.23775391,0.43423438,0.14202367,0.57578906
816.00000000,298.51998627,0.44101837,0.14182500,0.58284165
820.00000000,298.75344942,0.44219328,0.14760958,0.58953104
824.00000000,298.88178004,0.44444665,0.14755042,0.59199602
828.00000000,299.42080201,0.44528045,0.14728141,0.59269601
832.00000000,300.42557013,0.44230254,0.14849922,0.59120792
836.00000000,299.79750801,0.43972120,0.15132419,0.59147547
840.00000000,300.27918746,0.44113862,0.15318915,0.59405834
844.00000000,300.77276193,0.43906668,0.15524539,0.59420790
848.00000000,300.92904696,0.44123741,0.15790546,0.59878239
852.00000000,300.92721660,0.44111781,0.15696386,0.59823750
856.00000000,301.10808821,0.44050955,0.15759014,0.59844190
860.00000000,301.26403100,0.44167053,0.15552168,0.59706163
864.00000000,300.88159435,0.43964220,0.15391582,0.59440589
868.00000000,301.60792107,0.43675728,0.15401492,0.59157231
872.00000000,301.93717991,0.43607028,0.15165111,0.58811986
876.00000000,301.31259534,0.43703018,0.15250489,0.58944307
880.00000000,300.93490864,0.43209532,0.15009074,0.58288216
884.00000000,300.24235948,0.43753940,0.15078475,0.58965735
888.00000000,300.26296513,0.43735917,0.14856212,0.58765452
892.00000000,300.59213272,0.43928940,0.14945091,0.59051119
896.00000000,300.86293270,0.43665188,0.14949583,0.58704580
900.00000000,299.93112284,0.43565496,0.15186115,0.58696702
904.00000000,300.26088905,0.43954024,0.15121576,0.59118940
908.00000000,299.80809970,0.44074892,0.15072536,0.59254954
912.00000000,300.49432620,0.44439523,0.15181330,0.59707186
916.00000000,299.80838132,0.44852998,0.15590004,0.60563262
920.00000000,298.99232054,0.44452252,0.15586958,0.60026609
924.00000000,298.09115485,0.44847026,0.15787369,0.60642584
928.00000000,298.25752060,0.44384712,0.15349834,0.59758703
932.00000000,298.09578205,0.44178477,0.15294195,0.59597827
936.00000000,298.16028488,0.44071128,0.15114416,0.59279149
940.00000000,298.06381458,0.43937548,0.15005225,0.58969640
944.00000000,298.01919768,0.43309517,0.15188524,0.58570002
948.00000000,298.58277121,0.43442113,0.15474610,0.58907461
952.00000000,298.87972384,0.43351925,0.15507242,0.58885341
956.00000000,299.07717693,0.42848066,0.15456406,0.58327328
960.00000000,299.69895958,0.42690118,0.15399753,0.58128171
964.00000000,299.75749820,0.42844434,0.15038894,0.57870988
968.00000000,300.42518353,0.43020402,0.15114899,0.58181892
972.00000000,300.65453852,0.42887044,0.15067950,0.58063031
976.00000000,300.99792182,0.42676741,0.15146506,0.57955083
980.00000000,299.88367119,0.43040108,0.14675009,0.57853226
984.00000000,298.10876748,0.42787663,0.14672081,0.57614145
988.00000000,298.49039029,0.43220880,0.14640155,0.57954331
992.00000000,298.31665406,0.42593809,0.14872678,0.57384645
996.00000000,298.14276003,0.42657898,0.14877226,0.57535210
1000.00000000,297.94587266,0.43242183,0.15098215,0.58326811
1004.00000000,297.41973177,0.43009350,0.15560316,0.58585202
1008.00000000,296.85313167,0.43193283,0.15789805,0.58908537
1012.00000000,297.11547921,0.43229540,0.15588694,0.58874066
1016.00000000,296.73777004,0.43498755,0.15466148,0.59027956
1020.00000000,297.23150361,0.43198534,0.15490969,0.58703623
1024.00000000,297.70906915,0.43061552,0.15604447,0.58687630
1028.00000000,297.31724236,0.42669773,0.15594106,0.58286121
1032.00000000,297.04758806,0.43102048,0.15417661,0.58524700
1036.00000000,296.77864903,0.43649909,0.15539421,0.59196219
1040.00000000,297.26332447,0.43245603,0.15438476,0.58672994
1044.00000000,297.57761986,0.43874872,0.15714549,0.59521420
1048.00000000,297.56198504,0.43725653,0.15684449,0.59321288
1052.00000000,296.69062440,0.44196281,0.15387481,0.59367496
1056.00000000,296.64770824,0.44731911,0.15367783,0.59934444
1060.00000000,296.87511905,0.44940051,0.15110778,0.59914512
1064.00000000,297.20521563,0.44585351,0.15014834,0.59452283
1068.00000000,297.44874854,0.44490378,0.14675905,0.59165494
1072.00000000,297.61853848,0.44736581,0.14558485,0.59318664
1076.00000000,298.12886952,0.44243437,0.14300243,0.58599272
1080.00000000,297.78244899,0.44299464,0.14386967,0.58811806
1084.00000000,297.64328606,0.44072068,0.14234051,0.58351433
1088.00000000,297.72607084,0.43887924,0.14202903,0.58161286
1092.00000000,297.55565877,0.43925158,0.14469722,0.58395475
1096.00000000,297.85057374,0.44431252,0.14528352,0.58987330
1100.00000000,298.36930508,0.44852825,0.14754529,0.59662795
1104.00000000,299.02623381,0.45141484,0.14977381,0.60097870
1108.00000000,299.32903847,0.45223338,0.15059756,0.60351653
1112.00000000,299.23778337,0.45083250,0.14688268,0.59808238
1116.00000000,299.59628094,0.44748826,0.14962444,0.59675450
1120.00000000,299.11029529,0.44710858,0.14941549,0.59656935
1124.00000000,298.99644758,0.44481674,0.15291650,0.59748494
1128.00000000,299.26368058,0.44183189,0.15362261,0.59493862
1132.00000000,299.12942320,0.44064262,0.15411984,0.59429216
1136.00000000,299.82818999,0.43932987,0.15400167,0.59183956
1140.00000000,299.61761663,0.43586749,0.15270600,0.58739530
1144.00000000,299.91143238,0.42846308,0.15464974,0.58186893
1148.00000000,299.57999614,0.42849480,0.15181394,0.57946203
1152.00000000,300.07221859,0.42866807,0.15487758,0.58300351
1156.00000000,300.76366311,0.43057701,0.15784419,0.58839654
1160.00000000,300.84549922,0.43621927,0.15663843,0.59215384
1164.00000000,301.12159337,0.44075854,0.15768539,0.59802530
1168.00000000,301.14854606,0.44525934,0.15838833,0.60395539
1172.00000000,300.27365056,0.44191922,0.15966653,0.60157016
1176.00000000,299.98534645,0.44009449,0.15783435,0.59795812
1180.00000000,299.57840665,0.44282739,0.16077010,0.60438759
1184.00000000,299.76810169,0.44577948,0.16061527,0.60667823
1188.00000000,298.92652084,0.45164631,0.15820808,0.60976554
1192.00000000,299.15772388,0.45103674,0.15963354,0.60982415
1196.00000000,299.09951720,0.45287546,0.16135787,0.61334203
1200.00000000,299.38672081,0.45430612,0.16127351,0.61461452
1204.00000000,299.26496266,0.44999569,0.16002237,0.60978275
1208.00000000,299.90771200,0.45344813,0.16297487,0.61642597
1212.00000000,300.07455428,0.45899878,0.16273542,0.62151257
1216.00000000,300.58665085,0.45565750,0.16184309,0.61766453
1220.00000000,300.19995221,0.45435941,0.16242332,0.61686434
1224.00000000,300.89389518,0.45423448,0.16129483,0.61512965
1228.00000000,300.69951234,0.45245474,0.16090373,0.61258355
1232.00000000,300.46659915,0.44599515,0.15957952,0.60543029
1236.00000000,300.25771886,0.44918413,0.16036558,0.60861975
1240.00000000,299.89814239,0.44683254,0.16117416,0.60799906
1244.00000000,299.10164018,0.44660351,0.15995879,0.60665761
1248.00000000,299.23696131,0.44721466,0.16107590,0.60811577
1252.00000000,299.45760287,0.45108349,0.16379937,0.61403276
1256.00000000,298.86703356,0.45092819,0.16487751,0.61655371
1260.00000000,298.67889040,0.45374152,0.16512278,0.61918648
1264.00000000,298.77717595,0.45084433,0.16362189,0.61474330
1268.00000000,299.63421345,0.45194521,0.16298760,0.61487838
1272.00000000,299.75423468,0.45378802,0.15976813,0.61327993
1276.00000000,299.31169555,0.45713800,0.15550934,0.61196510
1280.00000000,299.15582509,0.45382319,0.15330423,0.60637168
1284.00000000,298.78073945,0.45113637,0.15388470,0.60483687
1288.00000000,299.76965235,0.45811230,0.15312331,0.61088455
1292.00000000,299.45391375,0.45993624,0.15628078,0.61518034
1296.00000000,299.20128862,0.46030454,0.15483309,0.61495951
1300.00000000,299.00638618,0.45431467,0.15630532,0.60988057
1304.00000000,298.84245310,0.45372675,0.15788881,0.61111966
1308.00000000,298.63957880,0.45616275,0.15682227,0.61363735
1312.00000000,298.59204539,0.45828824,0.15672610,0.61485207
1316.00000000,298.42312106,0.45701058,0.15687296,0.61282861
1320.00000000,298.32183417,0.44926964,0.16012120,0.60835415
1324.00000000,299.12054261,0.45277288,0.16148348,0.61290686
1328.00000000,299.01813533,0.45398986,0.15718612,0.60984937
1332.00000000,298.89945387,0.45435467,0.15361822,0.60608550
1336.00000000,299.26367711,0.45432461,0.15539563,0.60842456
1340.00000000,299.63990602,0.44621399,0.15586020,0.60161051
1344.00000000,299.84093825,0.44332136,0.15785154,0.60033401
1348.00000000,299.94197435,0.44041686,0.15472899,0.59551680
1352.00000000,300.50520777,0.43075008,0.15618018,0.58636698
1356.00000000,299.55148300,0.43184607,0.15245879,0.58523764
1360.00000000,299.75236956,0.43525834,0.15249631,0.58832479
1364.00000000,299.84642608,0.43815131,0.15027841,0.58858849
1368.00000000,299.85276802,0.44266031,0.14849242,0.59131989
1372.00000000,299.92444853,0.44193254,0.14872215,0.59133800
1376.00000000,300.36646967,0.43917395,0.14856881,0.58756942
1380.00000000,300.95968782,0.44147577,0.15040236,0.59215259
1384.00000000,300.70774194,0.44340449,0.15058290,0.59454563
1388.00000000,300.77971080,0.44416033,0.14823963,0.59218494
1392.00000000,300.92652549,0.44108604,0.14742527,0.58779752
1396.00000000,301.17833400,0.44360871,0.14708062,0.58940980
1400.00000000,300.32771423,0.44727183,0.14625793,0.59297064
1404.00000000,299.84586295,0.44596027,0.14771256,0.59301214
1408.00000000,299.34876455,0.44772554,0.14835881,0.59468275
1412.00000000,299.50087478,0.45114664,0.14898124,0.59822943
1416.00000000,299.97266704,0.44731575,0.15288041,0.59950559
1420.00000000,299.48264860,0.45383262,0.15476025,0.60780363
1424.00000000,299.29853465,0.45889500,0.15588246,0.61487410
1428.00000000,298.86910959,0.45760264,0.15585691,0.61283218
1432.00000000,299.05713582,0.45387605,0.15479311,0.60646163
1436.00000000,298.76118922,0.44868047,0.15248206,0.60021433
1440.00000000,298.60637871,0.44835438,0.15474515,0.60173035
1444.00000000,298.75060157,0.44603287,0.15081674,0.59497977
1448.00000000,299.19128394,0.44715878,0.15205948,0.59793612
1452.00000000,299.75892179,0.44872356,0.15359861,0.60259923
1456.00000000,299.70237439,0.44463143,0.15294062,0.59726380
1460.00000000,299.48319583,0.44141694,0.15124703,0.59375580
1464.00000000,299.46978616,0.44349477,0.15117390,0.59488478
1468.00000000,299.44235179,0.44816982,0.15515147,0.60377130
1472.00000000,300.20810932,0.44549624,0.15477463,0.60035240
1476.00000000,300.00400102,0.45637853,0.15394791,0.61043220
1480.00000000,299.52242203,0.45657391,0.15453763,0.61151960
1484.00000000,300.28742509,0.45275656,0.15560564,0.60921070
1488.00000000,301.09352654,0.46078399,0.15313198,0.61508564
1492.00000000,301.09576728,0.45731895,0.14950634,0.60830589
1496.00000000,300.62494442,0.45649472,0.14650991,0.60467710
1500.00000000,300.81005054,0.45196385,0.14802936,0.60124628
1504.00000000,300.88574743,0.45236095,0.14972943,0.60330034
1508.00000000,301.30968545,0.44725914,0.15035932,0.59871457
1512.00000000,300.53044657,0.45114025,0.15346645,0.60677929
1516.00000000,301.30716156,0.44993044,0.15266322,0.60436189
1520.00000000,300.73805984,0.45094351,0.15572214,0.60746204
1524.00000000,299.98172310,0.44930605,0.15421761,0.60430246
1528.00000000,300.37605034,0.44714016,0.15416453,0.60070595
1532.00000000,300.04806492,0.44815004,0.15533868,0.60324662
1536.00000000,300.40661283,0.44409188,0.15570951,0.59969660
1540.00000000,300.74126641,0.44164474,0.15752876,0.59841862
1544.00000000,300.33967668,0.44906751,0.15777789,0.60536382
1548.00000000,300.44911976,0.45362363,0.15706691,0.60927681
1552.00000000,300.87918012,0.44850684,0.15749473,0.60575605
1556.00000000,301.41646458,0.45250129,0.16091516,0.61446345
1560.00000000,302.44708760,0.45778563,0.15622669,0.61563334
1564.00000000,303.26581933,0.45835176,0.15521105,0.61522355
1568.00000000,303.46658805,0.45594081,0.15559597,0.61206932
1572.00000000,303.49701742,0.45601528,0.15471173,0.61126980
1576.00000000,303.40899865,0.45638438,0.15882245,0.61553166
1580.00000000,303.21903874,0.46243011,0.15703917,0.61986399
1584.00000000,302.85264250,0.46189746,0.15576170,0.61817554
1588.00000000,302.57098163,0.45789395,0.15170851,0.61046030
1592.00000000,302.81621649,0.45946690,0.15534302,0.61547263
1596.00000000,302.56780412,0.46166269,0.15701875,0.61912199
1600.00000000,302.64088610,0.46049924,0.15768406,0.61789368
