time_ps,temperature_K,kappa_in_W_mK,kappa_out_W_mK,kappa_total_W_mK
0.00000000,300.98446324,0.03144133,0.00850997,0.03986453
4.00000000,301.02129835,0.03267251,0.00904841,0.04171707
8.00000000,300.70347946,0.03516077,0.00993782,0.04497870
12.00000000,301.04386312,0.03714051,0.00923359,0.04618567
16.00000000,301.09753099,0.03840165,0.00983159,0.04830161
20.00000000,301.04888790,0.03920650,0.00977335,0.04922104
24.00000000,301.06772479,0.04231248,0.00980007,0.05209984
28.00000000,300.49566972,0.04214546,0.01039310,0.05242908
32.00000000,300.46124889,0.04154313,0.01032516,0.05177566
36.00000000,300.43931122,0.04247418,0.01009279,0.05240619
40.00000000,300.58211522,0.04381128,0.01077939,0.05465219
44.00000000,300.81599631,0.04529994,0.01103655,0.05640589
48.00000000,300.53300315,0.04526129,0.01099411,0.05617197
52.00000000,300.44177653,0.04647701,0.01136086,0.05771830
56.00000000,300.72020089,0.04818436,0.01219522,0.06045249
60.00000000,301.49538221,0.05056742,0.01194137,0.06250385
64.00000000,301.68307171,0.05295293,0.01289979,0.06577147
68.00000000,301.85552240,0.05550645,0.01315817,0.06840255
72.00000000,301.38259338,0.05589595,0.01337472,0.06887399
76.00000000,301.55806565,0.05662957,0.01338964,0.06976835
80.00000000,301.18702554,0.05676115,0.01443238,0.07086629
84.00000000,300.33729011,0.05907820,0.01475094,0.07331247
88.00000000,300.11972833,0.06012869,0.01531166,0.07514914
92.00000000,299.82447877,0.06143182,0.01557125,0.07680723
96.00000000,299.85920388,0.06231558,0.01593892,0.07822274
100.00000000,299.44996468,0.06315704,0.01605799,0.07913015
104.00000000,299.19694682,0.06379831,0.01669250,0.08059346
108.00000000,298.87543893,0.06531067,0.01660544,0.08207067
112.00000000,298.79932687,0.06669108,0.01619768,0.08295464
116.00000000,299.16356885,0.06987419,0.01624462,0.08643631
120.00000000,299.37511010,0.07035908,0.01666555,0.08730079
124.00000000,299.50847875,0.07100202,0.01747549,0.08854879
128.00000000,300.14144040,0.07333446,0.01715146,0.09058804
132.00000000,300.62726642,0.07510181,0.01741704,0.09270231
136.00000000,299.94582928,0.07753817,0.01725919,0.09493586
140.00000000,299.27277331,0.07618784,0.01758006,0.09420360
144.00000000,299.66549428,0.07527425,0.01786439,0.09364704
148.00000000,299.11447923,0.07694625,0.01831786,0.09555037
152.00000000,298.51400156,0.07748661,0.01849831,0.09617543
156.00000000,298.67130212,0.07825604,0.01832878,0.09692104
160.00000000,298.97424818,0.07971817,0.01810783,0.09814829
164.00000000,298.95768464,0.08114558,0.01858809,0.09961721
168.00000000,298.23710690,0.07998297,0.01889881,0.09870943
172.00000000,298.28916384,0.08183370,0.01903741,0.10051728
176.00000000,298.34971490,0.08082472,0.01866518,0.09929230
180.00000000,298.81269528,0.08175009,0.01935681,0.10096235
184.00000000,298.51111607,0.08085499,0.01964941,0.10042333
188.00000000,298.59657638,0.08207450,0.02021149,0.10241525
192.00000000,299.01715579,0.08328469,0.02003277,0.10348204
196.00000000,299.44290959,0.08430826,0.02107377,0.10543402
200.00000000,299.50711259,0.08474134,0.02134189,0.10612967
204.00000000,299.42851725,0.08532313,0.02204118,0.10724515
208.00000000,299.45716785,0.08683998,0.02192791,0.10837776
212.00000000,299.66776683,0.08917921,0.02274768,0.11133976
216.00000000,299.73277375,0.08987982,0.02301839,0.11263021
220.00000000,300.17365377,0.08986444,0.02352723,0.11284514
224.00000000,300.72862502,0.08984448,0.02366019,0.11285155
228.00000000,300.66710465,0.09181125,0.02376247,0.11491418
232.00000000,300.89950944,0.09105640,0.02360923,0.11394174
236.00000000,300.61768989,0.09199059,0.02378867,0.11530037
240.00000000,300.02143806,0.09050608,0.02331803,0.11353186
244.00000000,300.22229908,0.09064911,0.02381083,0.11441458
248.00000000,300.01487276,0.09159035,0.02320510,0.11456838
252.00000000,300.17354574,0.09275229,0.02305330,0.11547445
256.00000000,299.72006437,0.09346051,0.02322654,0.11606671
260.00000000,300.02082915,0.09276048,0.02319712,0.11559647
264.00000000,299.86175466,0.09472330,0.02287411,0.11736615
268.00000000,299.76758668,0.09692731,0.02288935,0.11994501
272.00000000,299.31204638,0.09749327,0.02368054,0.12132014
276.00000000,298.91459424,0.09684544,0.02325762,0.12036686
280.00000000,298.76248194,0.09528222,0.02380320,0.11906819
284.00000000,298.86185592,0.09547681,0.02424327,0.11993575
288.00000000,299.06068675,0.09596984,0.02441869,0.12066322
292.00000000,299.09023508,0.09463779,0.02457882,0.11956863
296.00000000,299.35006209,0.09497919,0.02410404,0.11916811
300.00000000,299.12150956,0.09627188,0.02389176,0.12008173
304.00000000,298.73490501,0.09857317,0.02423249,0.12289823
308.00000000,298.45575041,0.09954148,0.02401825,0.12379794
312.00000000,298.71183015,0.09994922,0.02376376,0.12407816
316.00000000,298.99532735,0.10017946,0.02389191,0.12438064
320.00000000,299.57331877,0.10022278,0.02424641,0.12477024
324.00000000,298.97603911,0.09900990,0.02427926,0.12322574
328.00000000,298.96617263,0.09913805,0.02437468,0.12370371
332.00000000,299.01077324,0.09833832,0.02459275,0.12303032
336.00000000,299.12179839,0.10000280,0.02475918,0.12474503
340.00000000,299.49270849,0.10052211,0.02488223,0.12539736
344.00000000,299.42827641,0.10088489,0.02547499,0.12608898
348.00000000,299.70070544,0.10265059,0.02559960,0.12814070
352.00000000,300.28079828,0.10262304,0.02593724,0.12850731
356.00000000,300.29273681,0.10278145,0.02532517,0.12809465
360.00000000,299.61311595,0.10456661,0.02538956,0.12993819
364.00000000,300.07505518,0.10357343,0.02594465,0.12946815
368.00000000,299.50893500,0.10384145,0.02665644,0.13038850
372.00000000,300.16929795,0.10294257,0.02672076,0.12945444
376.00000000,300.19679336,0.10291362,0.02684371,0.12938978
380.00000000,300.04708388,0.10378561,0.02643200,0.12992042
384.00000000,299.71556115,0.10311283,0.02655377,0.12942264
388.00000000,299.48560041,0.10186161,0.02670365,0.12828011
392.00000000,299.15127722,0.10279599,0.02668921,0.12961608
396.00000000,300.03751563,0.10322528,0.02677347,0.12967452
400.00000000,300.29941677,0.10417201,0.02706478,0.13108272
404.00000000,299.84335374,0.10434283,0.02721144,0.13126224
408.00000000,300.09861689,0.10649374,0.02706314,0.13309804
412.00000000,300.13500886,0.10675149,0.02678679,0.13286989
416.00000000,300.06134773,0.10629906,0.02680216,0.13274606
420.00000000,299.85305969,0.10563806,0.02684823,0.13241751
424.00000000,300.12492399,0.10595171,0.02706022,0.13302093
428.00000000,300.19742737,0.10588306,0.02752299,0.13366957
432.00000000,300.47573294,0.10594178,0.02727596,0.13364147
436.00000000,300.23192441,0.10680356,0.02743320,0.13452371
440.00000000,300.54148878,0.10750014,0.02768426,0.13552932
444.00000000,300.19727289,0.10830943,0.02771175,0.13649715
448.00000000,299.76009932,0.10840450,0.02737432,0.13588489
452.00000000,299.95036226,0.10840578,0.02742691,0.13587864
456.00000000,299.96027547,0.10864146,0.02708195,0.13564424
460.00000000,299.84669689,0.10910137,0.02692837,0.13618362
464.00000000,299.63999766,0.10846830,0.02606213,0.13466647
468.00000000,299.82522687,0.10854401,0.02628238,0.13492381
472.00000000,299.86543866,0.10657942,0.02658863,0.13311098
476.00000000,299.03329234,0.10706802,0.02676379,0.13388506
480.00000000,299.25933838,0.10662350,0.02649859,0.13341682
484.00000000,299.11473227,0.10674617,0.02675803,0.13376984
488.00000000,299.64545559,0.10707799,0.02718362,0.13442776
492.00000000,300.04039990,0.10754107,0.02683029,0.13446551
496.00000000,299.96410076,0.10785475,0.02684135,0.13467368
500.00000000,300.15304357,0.10603034,0.02690136,0.13279384
504.00000000,300.27125329,0.10726528,0.02699002,0.13398455
508.00000000,299.87021269,0.10895945,0.02750911,0.13613413
512.00000000,300.04210196,0.10902708,0.02744096,0.13620233
516.00000000,300.19314584,0.10861266,0.02686986,0.13494966
520.00000000,299.71733893,0.10880915,0.02699913,0.13538555
524.00000000,299.72064603,0.10862901,0.02750833,0.13585415
528.00000000,300.26887350,0.10947102,0.02784369,0.13712294
532.00000000,300.22547694,0.10938314,0.02712374,0.13616095
536.00000000,300.86356406,0.10915609,0.02749531,0.13648680
540.00000000,300.61664389,0.10963466,0.02795064,0.13757367
544.00000000,300.48538915,0.10840066,0.02814367,0.13644527
548.00000000,301.24141761,0.10842853,0.02859464,0.13682601
552.00000000,300.70482275,0.10732240,0.02872679,0.13588972
556.00000000,300.02932277,0.10778677,0.02855161,0.13637152
560.00000000,300.26189653,0.10952194,0.02858018,0.13823176
564.00000000,300.94738459,0.10987774,0.02878607,0.13881117
568.00000000,300.94446737,0.10851302,0.02869765,0.13719053
572.00000000,300.93121285,0.10930197,0.02861997,0.13780968
576.00000000,300.33111596,0.10983326,0.02971075,0.13932174
580.00000000,299.54129586,0.10957024,0.02899927,0.13834651
584.00000000,300.05752121,0.11217627,0.02947350,0.14149819
588.00000000,300.67857108,0.11183388,0.02972592,0.14127545
592.00000000,300.80372561,0.11073989,0.02938348,0.13986404
596.00000000,300.44387504,0.11115791,0.02908124,0.14014533
600.00000000,299.74247619,0.11094319,0.02889880,0.13971850
604.00000000,299.70431605,0.11260958,0.02893495,0.14141327
608.00000000,299.78852868,0.11327559,0.02923165,0.14240891
612.00000000,300.22055936,0.11236640,0.02907973,0.14128170
616.00000000,300.05327037,0.11362505,0.02805863,0.14181114
620.00000000,300.60862832,0.11475547,0.02809363,0.14306223
624.00000000,301.07237843,0.11425500,0.02824685,0.14269854
628.00000000,300.89635154,0.11431977,0.02804488,0.14270842
632.00000000,300.07744621,0.11443979,0.02849439,0.14330214
636.00000000,300.33441349,0.11422829,0.02826542,0.14276303
640.00000000,300.89276052,0.11478375,0.02793885,0.14294289
644.00000000,300.84488983,0.11448357,0.02832067,0.14287905
648.00000000,301.03487504,0.11486385,0.02905052,0.14403913
652.00000000,301.81207829,0.11496254,0.02940126,0.14454598
656.00000000,301.81676102,0.11489505,0.02876342,0.14380255
660.00000000,301.34091318,0.11523228,0.02906520,0.14424996
664.00000000,300.68429091,0.11489322,0.02929123,0.14450939
668.00000000,301.57460883,0.11476228,0.02973260,0.14470618
672.00000000,300.95272111,0.11652228,0.03003491,0.14655724
676.00000000,300.19050523,0.11589404,0.02987545,0.14577587
680.00000000,299.87856299,0.11463454,0.03041752,0.14490828
684.00000000,299.75155265,0.11414412,0.03043027,0.14457049
688.00000000,300.06095269,0.11436673,0.02976342,0.14441852
692.00000000,299.92602501,0.11437465,0.02988660,0.14435658
696.00000000,299.60227047,0.11328075,0.02970930,0.14319654
700.00000000,299.46109170,0.11393727,0.02997076,0.14418307
704.00000000,299.96500540,0.11389577,0.02983667,0.14406461
708.00000000,300.72499281,0.11409825,0.03000898,0.14427324
712.00000000,300.15123234,0.11417763,0.02971027,0.14403375
716.00000000,300.01275577,0.11281442,0.02972625,0.14269326
720.00000000,299.71079880,0.11273072,0.02970956,0.14263234
724.00000000,300.32224674,0.11109953,0.02992758,0.14117794
728.00000000,300.43423744,0.11062044,0.03000846,0.14059801
732.00000000,300.12089491,0.11060255,0.03030700,0.14085716
736.00000000,299.71593815,0.11051790,0.03085719,0.14107915
740.00000000,300.50551851,0.11091473,0.03112125,0.14177200
744.00000000,301.23738320,0.11241177,0.03050495,0.14276712
748.00000000,300.74827104,0.11213704,0.03036112,0.14221682
752.00000000,300.86980216,0.11312302,0.03011197,0.14311603
756.00000000,301.10157316,0.11308398,0.02991869,0.14292516
760.00000000,301.21331401,0.11228267,0.02933124,0.14147278
764.00000000,300.99193545,0.11202950,0.02969250,0.14193075
768.00000000,301.09202411,0.11306723,0.02976065,0.14321510
772.00000000,301.12404870,0.11304336,0.02984965,0.14290518
776.00000000,301.94536495,0.11260227,0.02974722,0.14248240
780.00000000,301.49172225,0.11302742,0.02922737,0.14215661
784.00000000,301.43527046,0.11243346,0.02922655,0.14148296
788.00000000,301.03914661,0.11320784,0.02886061,0.14190322
792.00000000,301.30069120,0.11361887,0.02882267,0.14242139
796.00000000,301.18902839,0.11332031,0.02865072,0.14186865
800.00000000,300.34292288,0.11261626,0.02844221,0.14106808
804.00000000,300.21464095,0.11199990,0.02815395,0.14048691
808.00000000,300.29637229,0.11223232,0.02885272,0.14134040
812.00000000,300.14850338,0.11317448,0.02819776,0.14172387
816.00000000,300.67225631,0.11243691,0.02788559,0.14056158
820.00000000,300.44070520,0.11381418,0.02792376,0.14196403
824.00000000,300.88319362,0.11350897,0.02820540,0.14166407
828.00000000,300.61939979,0.11351092,0.02751450,0.14106555
832.00000000,300.21875343,0.11279131,0.02731925,0.14038025
836.00000000,300.70824743,0.11128642,0.02721699,0.13872457
840.00000000,301.00340137,0.10989794,0.02725152,0.13731909
844.00000000,300.43401774,0.11034634,0.02813706,0.13856907
848.00000000,300.14777075,0.11072954,0.02839116,0.13922936
852.00000000,300.49555130,0.11149372,0.02810488,0.13967546
856.00000000,300.25365213,0.11080151,0.02763997,0.13852923
860.00000000,299.96093977,0.11129779,0.02784169,0.13931882
864.00000000,300.38678248,0.11216984,0.02776644,0.13997689
868.00000000,299.38416439,0.11192729,0.02754675,0.13959392
872.00000000,299.65038908,0.11259809,0.02765841,0.14022926
876.00000000,299.74492723,0.11277959,0.02802702,0.14076711
880.00000000,300.25315995,0.11359374,0.02734631,0.14103889
884.00000000,300.20834251,0.11304224,0.02705013,0.14016375
888.00000000,299.69444008,0.11390102,0.02697195,0.14110578
892.00000000,299.43911634,0.11292091,0.02766096,0.14073895
896.00000000,299.87535006,0.11305944,0.02857307,0.14187624
900.00000000,299.48109249,0.11364897,0.02875182,0.14289553
904.00000000,298.96698313,0.11316379,0.02912929,0.14270386
908.00000000,298.58140952,0.11339526,0.02899474,0.14251165
912.00000000,298.34675598,0.11451463,0.02935102,0.14424682
916.00000000,298.86337198,0.11524561,0.02886246,0.14430042
920.00000000,298.90198741,0.11482299,0.02898972,0.14386996
924.00000000,298.84539293,0.11438072,0.02921957,0.14346410
928.00000000,298.57937344,0.11527395,0.02915915,0.14438865
932.00000000,297.92854916,0.11509293,0.02905910,0.14410935
936.00000000,297.63884249,0.11410329,0.02888406,0.14277322
940.00000000,296.56471215,0.11421899,0.02869023,0.14278191
944.00000000,296.88112944,0.11592162,0.02887751,0.14473378
948.00000000,296.63431511,0.11779284,0.02921095,0.14686643
952.00000000,297.10718234,0.11870353,0.02916748,0.14785950
956.00000000,297.14345118,0.11900039,0.02869270,0.14763769
960.00000000,297.25043677,0.11923426,0.02920408,0.14856479
964.00000000,297.21831770,0.11801510,0.02916606,0.14699085
968.00000000,297.03367502,0.11587481,0.02906392,0.14473303
972.00000000,297.40007077,0.11514337,0.02871857,0.14370691
976.00000000,297.41681131,0.11581930,0.02784059,0.14361693
980.00000000,298.32466052,0.11606060,0.02772684,0.14377119
984.00000000,298.70802121,0.11490668,0.02841988,0.14339884
988.00000000,299.21153378,0.11463195,0.02825881,0.14308028
992.00000000,299.34260534,0.11498183,0.02851843,0.14354237
996.00000000,299.43340141,0.11527860,0.02835984,0.14361064
1000.00000000,299.30969428,0.11560605,0.02886987,0.14452442
1004.00000000,299.67925382,0.11581951,0.02936241,0.14511081
1008.00000000,299.72928644,0.11597956,0.02990141,0.14575125
1012.00000000,299.36743232,0.11670984,0.02943564,0.14624038
1016.00000000,299.21929300,0.11518974,0.02985108,0.14506883
1020.00000000,299.13791683,0.11682057,0.02943712,0.14647750
1024.00000000,298.98360350,0.11530117,0.02924564,0.14483019
1028.00000000,299.48028985,0.11437143,0.02970868,0.14424063
1032.00000000,299.35841878,0.11471814,0.02925017,0.14421891
1036.00000000,300.01136513,0.11532995,0.02986186,0.14557327
1040.00000000,299.62092162,0.11642237,0.03008224,0.14683874
1044.00000000,299.82113626,0.11590446,0.02992820,0.14600635
1048.00000000,300.01638096,0.11657460,0.02962770,0.14623109
1052.00000000,300.79037618,0.11525663,0.02997758,0.14537363
1056.00000000,300.82399921,0.11640673,0.02977428,0.14635848
1060.00000000,300.39541693,0.11650762,0.02985292,0.14649715
1064.00000000,300.50435155,0.11657587,0.03037372,0.14687725
1068.00000000,300.59579232,0.11544564,0.03003882,0.14544884
1072.00000000,300.13947804,0.11545510,0.02988020,0.14536240
1076.00000000,299.21795432,0.11739211,0.02997564,0.14744854
1080.00000000,299.46822826,0.11797150,0.02983651,0.14770147
1084.00000000,299.39997987,0.11776286,0.02925070,0.14680962
1088.00000000,299.37368050,0.11874618,0.02892709,0.14753466
1092.00000000,299.96526763,0.11798988,0.02952053,0.14731176
1096.00000000,299.34949900,0.11787198,0.02953425,0.14714253
1100.00000000,300.16796602,0.11712475,0.02916088,0.14609226
1104.00000000,300.41262699,0.11625169,0.02909965,0.14498718
1108.00000000,300.28432620,0.11518772,0.02838117,0.14306340
1112.00000000,300.46513766,0.11485249,0.02849246,0.14292015
1116.00000000,300.71925406,0.11696405,0.02828906,0.14479711
1120.00000000,300.76724339,0.11690444,0.02852852,0.14504914
1124.00000000,300.43327618,0.11675520,0.02871556,0.14501314
1128.00000000,300.20832895,0.11704307,0.02899693,0.14610579
1132.00000000,300.16611807,0.11619433,0.02903475,0.14509698
1136.00000000,300.31613682,0.11602753,0.02858925,0.14466390
1140.00000000,300.32452274,0.11664860,0.02832424,0.14521713
1144.00000000,299.22406038,0.11689163,0.02818615,0.14538089
1148.00000000,299.49517517,0.11523639,0.02889397,0.14434540
1152.00000000,299.88213116,0.11546397,0.02928710,0.14488801
1156.00000000,300.22154731,0.11457231,0.02927219,0.14380624
1160.00000000,300.38409629,0.11590129,0.02942132,0.14508523
1164.00000000,299.97037519,0.11543270,0.02853418,0.14354570
1168.00000000,299.90186573,0.11517268,0.02837604,0.14331515
1172.00000000,300.43411398,0.11498967,0.02810081,0.14280993
1176.00000000,300.48312481,0.11486161,0.02832213,0.14308552
1180.00000000,300.60127155,0.11413648,0.02756977,0.14160670
1184.00000000,301.15847452,0.11537328,0.02790558,0.14322343
1188.00000000,301.11110584,0.11535683,0.02798276,0.14303956
1192.00000000,300.93842517,0.11359422,0.02765169,0.14105631
1196.00000000,300.28244769,0.11342994,0.02753205,0.14092667
1200.00000000,300.51121288,0.11246066,0.02766753,0.14022152
1204.00000000,300.45524303,0.11254482,0.02806318,0.14054607
1208.00000000,300.75524149,0.11294155,0.02843910,0.14107939
1212.00000000,300.42870593,0.11409918,0.02874354,0.14264650
1216.00000000,300.97228800,0.11228838,0.02891223,0.14090385
1220.00000000,300.58237609,0.11198361,0.02883532,0.14073345
1224.00000000,300.48535037,0.11271261,0.02902819,0.14149332
1228.00000000,301.18837920,0.11315233,0.02885310,0.14179804
1232.00000000,300.16088030,0.11249469,0.02836869,0.14056296
1236.00000000,299.83387131,0.11418263,0.02885611,0.14306039
1240.00000000,299.77883357,0.11469118,0.02860273,0.14321249
1244.00000000,299.98864411,0.11388555,0.02857700,0.14228298
1248.00000000,300.64831622,0.11155337,0.02800348,0.13960173
1252.00000000,300.00215211,0.11222414,0.02839225,0.14055045
1256.00000000,299.94504912,0.11351534,0.02858119,0.14195376
1260.00000000,300.85111188,0.11173251,0.02844366,0.13996019
1264.00000000,300.77105778,0.11130153,0.02829382,0.13960122
1268.00000000,300.80460257,0.11192623,0.02821299,0.14018258
1272.00000000,300.56820882,0.11078232,0.02875335,0.13945966
1276.00000000,300.57683965,0.11131899,0.02823675,0.13944232
1280.00000000,300.70001298,0.11129890,0.02813553,0.13943204
1284.00000000,300.70112218,0.11233701,0.02867387,0.14095877
1288.00000000,300.59465684,0.11333862,0.02836907,0.14181320
1292.00000000,299.94876517,0.11338681,0.02871492,0.14228456
1296.00000000,300.51440178,0.11323197,0.02813511,0.14160861
1300.00000000,299.91426218,0.11373718,0.02841642,0.14238610
1304.00000000,300.37645266,0.11202364,0.02830901,0.14047935
1308.00000000,299.87503271,0.11205084,0.02817055,0.14055470
1312.00000000,300.24246820,0.11238887,0.02788470,0.14035102
1316.00000000,300.80827936,0.11235886,0.02814537,0.14046762
1320.00000000,300.70385049,0.11325479,0.02844866,0.14141125
1324.00000000,301.05697355,0.11188455,0.02858174,0.14004292
1328.00000000,301.42786917,0.11224658,0.02867308,0.14056369
1332.00000000,300.77394138,0.11532350,0.02835695,0.14318940
1336.00000000,300.21862965,0.11595305,0.02882174,0.14425728
1340.00000000,299.66525415,0.11678288,0.02878115,0.14540089
1344.00000000,299.97497515,0.11725301,0.02920171,0.14619820
1348.00000000,299.16300662,0.11652027,0.02977414,0.14601793
1352.00000000,299.20712733,0.11619223,0.02952304,0.14539864
1356.00000000,299.51092342,0.11455888,0.03032440,0.14464348
1360.00000000,299.89567642,0.11304036,0.02994396,0.14281163
1364.00000000,299.97488615,0.11086935,0.02968012,0.14046618
1368.00000000,300.55103027,0.10906268,0.02984706,0.13885280
1372.00000000,300.54258083,0.10937792,0.02953089,0.13897180
1376.00000000,300.63887231,0.11079807,0.02948899,0.14024552
1380.00000000,300.55285393,0.10972700,0.02945052,0.13902558
1384.00000000,300.91537467,0.11071345,0.02935438,0.14017380
1388.00000000,300.40977386,0.11046426,0.02910322,0.13971419
1392.00000000,301.15387093,0.11166253,0.02882647,0.14063258
1396.00000000,300.87593312,0.11096073,0.02943431,0.14042901
1400.00000000,300.02809103,0.11211802,0.02955351,0.14175473
1404.00000000,301.16362784,0.11338793,0.02914721,0.14250084
1408.00000000,301.41625860,0.11332002,0.02864478,0.14182975
1412.00000000,301.64389168,0.11315377,0.02863070,0.14159474
1416.00000000,301.23648171,0.11300929,0.02908754,0.14197852
1420.00000000,301.25118625,0.11366388,0.02914778,0.14293440
1424.00000000,301.47118938,0.11319613,0.02908388,0.14223190
1428.00000000,301.40033001,0.11380215,0.02910616,0.14286566
1432.00000000,301.61306556,0.11405928,0.02868810,0.14274037
1436.00000000,301.66127276,0.11381360,0.02787368,0.14142064
1440.00000000,301.21148029,0.11444701,0.02820756,0.14270596
1444.00000000,300.69610532,0.11377853,0.02871514,0.14250738
1448.00000000,300.42978662,0.11395450,0.02880827,0.14288806
1452.00000000,300.00117110,0.11414479,0.02858830,0.14274685
1456.00000000,299.36767921,0.11513189,0.02805518,0.14326144
1460.00000000,298.49435619,0.11498149,0.02789049,0.14308981
1464.00000000,298.88123517,0.11449641,0.02762687,0.14252081
1468.00000000,299.14682025,0.11560920,0.02782398,0.14387875
1472.00000000,298.59658033,0.11510563,0.02825024,0.14378135
1476.00000000,298.30704063,0.11370364,0.02850360,0.14245967
1480.00000000,298.89742060,0.11226171,0.02820573,0.14053922
1484.00000000,299.39753490,0.11247308,0.02805848,0.14046441
1488.00000000,299.42103819,0.11095420,0.02753426,0.13836329
1492.00000000,298.53403321,0.11156282,0.02789141,0.13903110
1496.00000000,299.05892202,0.11026394,0.02783188,0.13785614
1500.00000000,298.58498640,0.10974812,0.02735458,0.13679875
1504.00000000,298.90927009,0.10978622,0.02805952,0.13761416
1508.00000000,298.78266007,0.10936090,0.02810529,0.13731643
1512.00000000,298.03927058,0.10866672,0.02856601,0.13708052
1516.00000000,297.76149378,0.10910237,0.02834826,0.13748019
1520.00000000,296.96248991,0.10886303,0.02775254,0.13675418
1524.00000000,297.37767242,0.11105215,0.02691719,0.13797012
1528.00000000,298.34820438,0.11210181,0.02715195,0.13919497
1532.00000000,298.71954704,0.11339650,0.02710664,0.14035243
1536.00000000,298.69238179,0.11366564,0.02724865,0.14050008
1540.00000000,298.10024235,0.11414220,0.02778408,0.14170029
1544.00000000,298.39257364,0.11415553,0.02764731,0.14163285
1548.00000000,298.08179805,0.11437666,0.02801592,0.14217682
1552.00000000,299.36105630,0.11442676,0.02847583,0.14290554
1556.00000000,300.12884305,0.11577736,0.02833376,0.14411261
1560.00000000,299.64111894,0.11703599,0.02762174,0.14464341
1564.00000000,298.77409516,0.11894564,0.02844364,0.14731425
1568.00000000,298.87205462,0.11906127,0.02890269,0.14768278
1572.00000000,298.51715039,0.11947072,0.02925870,0.14855385
1576.00000000,298.97491500,0.12147063,0.02920530,0.15050395
1580.00000000,299.02384080,0.12152422,0.02958844,0.15087927
1584.00000000,298.46792770,0.12107257,0.03040640,0.15127980
1588.00000000,298.36003126,0.11965297,0.03030330,0.14995787
1592.00000000,298.78659085,0.11993838,0.02989217,0.14990692
1596.00000000,298.25584504,0.12047832,0.02969180,0.15046055
1600.00000000,299.32034512,0.11921004,0.02987409,0.14926107
