time_ps,temperature_K,kappa_in_W_mK,kappa_out_W_mK,kappa_total_W_mK
0.00000000,299.69213660,0.10924635,0.04356539,0.15159849
4.00000000,299.68890980,0.12010902,0.04833252,0.16826095
8.00000000,299.46849728,0.12446482,0.04942940,0.17268939
12.00000000,299.64357654,0.12983323,0.05230585,0.18132025
16.00000000,299.81864679,0.13703866,0.05444677,0.19082868
20.00000000,299.90092402,0.14097018,0.05364915,0.19379097
24.00000000,299.87549008,0.14388668,0.05909946,0.20288151
28.00000000,299.58634979,0.14947393,0.05845267,0.20753822
32.00000000,299.69838373,0.16209437,0.05935059,0.22135126
36.00000000,299.63312847,0.17230920,0.06147128,0.23413297
40.00000000,299.43351758,0.17831461,0.06287436,0.24100326
44.00000000,299.29248881,0.19034612,0.06226767,0.25298172
48.00000000,299.33237489,0.19345558,0.06559556,0.25897020
52.00000000,299.71454242,0.20710974,0.06474160,0.27116083
56.00000000,299.37795674,0.21020521,0.06663159,0.27606812
60.00000000,299.85671480,0.21482755,0.06752428,0.28178377
64.00000000,300.39056187,0.22012837,0.06662106,0.28672171
68.00000000,300.39549517,0.22570717,0.07171174,0.29639168
72.00000000,299.95226999,0.22647607,0.07322463,0.29915855
76.00000000,299.30569322,0.22450259,0.07572721,0.30012303
80.00000000,299.19663038,0.21569931,0.07546326,0.29040669
84.00000000,299.61106059,0.21747590,0.07786006,0.29388519
88.00000000,299.65639768,0.22337546,0.07686715,0.29887188
92.00000000,299.70977143,0.22682574,0.08209615,0.30803934
96.00000000,298.83578353,0.22742952,0.08244448,0.30976296
100.00000000,299.14762968,0.22970758,0.08392879,0.31287644
104.00000000,298.88438169,0.23931282,0.08210465,0.32098747
108.00000000,298.53309092,0.24708329,0.08219243,0.32904632
112.00000000,298.38147020,0.24908421,0.08254698,0.33111898
116.00000000,298.64586823,0.25382449,0.08179520,0.33481241
120.00000000,298.93682489,0.25463032,0.08050407,0.33492693
124.00000000,299.11914616,0.26135892,0.08372751,0.34573004
128.00000000,299.36618775,0.26126314,0.08812409,0.34938982
132.00000000,299.63119967,0.26158800,0.08736480,0.34900073
136.00000000,299.59489748,0.26764420,0.08742040,0.35453836
140.00000000,300.55765321,0.27525507,0.08972643,0.36397521
144.00000000,300.47878956,0.28235887,0.08959242,0.37135160
148.00000000,300.91291742,0.27867039,0.09396787,0.37327702
152.00000000,300.56044457,0.28294244,0.09253981,0.37546510
156.00000000,299.83809631,0.28122343,0.09073144,0.37059984
160.00000000,299.88466877,0.28231174,0.09420600,0.37519908
164.00000000,299.66314092,0.28379938,0.09529505,0.37851092
168.00000000,299.58910983,0.29255807,0.09344410,0.38520428
172.00000000,299.60555867,0.29874620,0.09364300,0.39195492
176.00000000,299.71305908,0.29985346,0.09743934,0.39655371
180.00000000,299.90593311,0.31286261,0.10161882,0.41335940
184.00000000,300.49618107,0.31779248,0.10367857,0.42041856
188.00000000,300.33680494,0.31863396,0.10586719,0.42421029
192.00000000,299.32594007,0.31926885,0.10546909,0.42418362
196.00000000,299.36425609,0.31740883,0.10506839,0.42147475
200.00000000,299.52026755,0.32093871,0.10586651,0.42585495
204.00000000,299.92808677,0.31799713,0.10756625,0.42485272
208.00000000,300.16149163,0.31626215,0.11221727,0.42844696
212.00000000,300.29965655,0.31447506,0.11131064,0.42570118
216.00000000,300.40732737,0.32209284,0.11120585,0.43342939
220.00000000,301.07797447,0.32012719,0.11440007,0.43412472
224.00000000,300.63700940,0.32192458,0.11494549,0.43712893
228.00000000,301.13137408,0.32890789,0.11482262,0.44359143
232.00000000,300.86859731,0.33063964,0.11645194,0.44731105
236.00000000,300.57936305,0.33098857,0.12030808,0.45074880
240.00000000,300.49249658,0.33231357,0.12132187,0.45391338
244.00000000,300.18145661,0.33142210,0.12179566,0.45278188
248.00000000,299.89226720,0.33723442,0.12136829,0.45890832
252.00000000,300.44265473,0.34342027,0.12268120,0.46638180
256.00000000,300.81310182,0.34157021,0.11878657,0.46053539
260.00000000,301.03627815,0.34495614,0.12161973,0.46600362
264.00000000,300.98512600,0.34547722,0.12411605,0.46872140
268.00000000,300.66180845,0.34414435,0.12552569,0.46938506
272.00000000,300.37823582,0.34939863,0.12503366,0.47396041
276.00000000,300.65379549,0.34471400,0.12574315,0.47033816
280.00000000,300.31510577,0.34685849,0.12538830,0.47242683
284.00000000,300.47082343,0.35150277,0.12204444,0.47403754
288.00000000,300.69996428,0.35080877,0.12328001,0.47326850
292.00000000,300.08077128,0.35807596,0.12114804,0.47897976
296.00000000,300.51055440,0.35880146,0.12324301,0.48290547
300.00000000,300.11980748,0.36519908,0.12331703,0.48969709
304.00000000,299.68014701,0.36922955,0.12416738,0.49465234
308.00000000,299.42133197,0.36685166,0.12740391,0.49530667
312.00000000,299.03762267,0.36914356,0.12735266,0.49823519
316.00000000,297.96061242,0.36486841,0.12803495,0.49508806
320.00000000,298.66899924,0.36463008,0.13401381,0.50059015
324.00000000,299.43783931,0.35892088,0.13202438,0.49169430
328.00000000,299.27667936,0.36007407,0.13127641,0.49059744
332.00000000,299.63750346,0.36632430,0.13067407,0.49594109
336.00000000,300.42063530,0.37292718,0.12955546,0.50187706
340.00000000,300.98843823,0.37119414,0.12841122,0.49807732
344.00000000,300.95266755,0.37331728,0.12808842,0.50039336
348.00000000,301.05642965,0.37257212,0.12810112,0.49983346
352.00000000,301.28679037,0.37282217,0.12689176,0.49853537
356.00000000,301.38864228,0.37076075,0.12868859,0.49850572
360.00000000,301.55706730,0.37385527,0.12770439,0.50047901
364.00000000,301.52572667,0.37335441,0.12960721,0.50214740
368.00000000,301.20383578,0.37211152,0.13138214,0.50309049
372.00000000,301.20719809,0.37688512,0.13611991,0.51175277
376.00000000,301.17295880,0.37906446,0.13285581,0.51113192
380.00000000,301.69456124,0.38188889,0.13288181,0.51415160
384.00000000,301.58786747,0.38454673,0.13462859,0.51912043
388.00000000,301.94669391,0.38482631,0.13620862,0.52140376
392.00000000,301.60997754,0.38445715,0.14169338,0.52572610
396.00000000,300.92700011,0.38090557,0.14174457,0.52134680
400.00000000,300.72811588,0.37669794,0.13951563,0.51498214
404.00000000,300.52484471,0.38542269,0.13904592,0.52302447
408.00000000,300.40051542,0.39100385,0.14153276,0.53194436
412.00000000,300.85136282,0.38766850,0.14340882,0.53143145
416.00000000,300.93848203,0.39140370,0.14147275,0.53446696
420.00000000,300.90508132,0.39166016,0.14473144,0.53911123
424.00000000,300.89870381,0.39260232,0.14521798,0.53994198
428.00000000,300.47504256,0.39356252,0.14482259,0.53976592
432.00000000,301.22560103,0.40146410,0.14351770,0.54596989
436.00000000,300.85669677,0.40222671,0.14321993,0.54596656
440.00000000,300.91346126,0.39938146,0.14538663,0.54479390
444.00000000,300.27363150,0.40125957,0.14405802,0.54644412
448.00000000,300.51717010,0.39974216,0.14424277,0.54493729
452.00000000,300.79309597,0.39695464,0.14478982,0.54261314
456.00000000,300.63523376,0.40160854,0.14403069,0.54598247
460.00000000,300.72114158,0.40575936,0.14547302,0.55214134
464.00000000,300.31226288,0.40445300,0.14637417,0.55166564
468.00000000,299.86087795,0.40063979,0.14430313,0.54535594
472.00000000,299.66376786,0.40607661,0.14678487,0.55264960
476.00000000,299.84641118,0.40198984,0.14408501,0.54596318
480.00000000,299.58870039,0.40306499,0.14423581,0.54631812
484.00000000,300.00311340,0.40231686,0.14192057,0.54377014
488.00000000,300.91825539,0.40716350,0.13991186,0.54644337
492.00000000,300.18905651,0.40562194,0.14024518,0.54475489
496.00000000,300.74387305,0.40191536,0.14084949,0.54230170
500.00000000,300.30265125,0.40592081,0.14084927,0.54580799
504.00000000,300.82222258,0.40497742,0.14041445,0.54442546
508.00000000,300.82280312,0.40031602,0.13839661,0.53884126
512.00000000,300.60120088,0.39546933,0.13943559,0.53534346
516.00000000,301.05861819,0.39736813,0.14027167,0.53890802
520.00000000,301.53314903,0.39818032,0.14416855,0.54382308
524.00000000,301.04633082,0.39701779,0.14027376,0.53832251
528.00000000,301.28315485,0.39830585,0.13938541,0.53860828
532.00000000,301.48922746,0.40130724,0.13960557,0.54168246
536.00000000,301.26819572,0.39748284,0.13832774,0.53651722
540.00000000,301.66358780,0.40343369,0.13534502,0.54164679
544.00000000,301.64553513,0.40444286,0.13667528,0.54373864
548.00000000,302.02644014,0.41066100,0.13693015,0.54992384
552.00000000,301.55424278,0.40868854,0.13827431,0.54758776
556.00000000,301.12762640,0.40763380,0.13876984,0.54638013
560.00000000,300.39928387,0.40474216,0.13856947,0.54203746
564.00000000,300.93763549,0.40096903,0.13916396,0.53961712
568.00000000,300.86334768,0.40378352,0.13733936,0.54038237
572.00000000,301.11958230,0.40810997,0.13837513,0.54686680
576.00000000,301.03442422,0.40419237,0.13617743,0.54117984
580.00000000,301.38348783,0.40443864,0.13953220,0.54454416
584.00000000,300.61330400,0.40236819,0.13873052,0.54169713
588.00000000,301.03266562,0.40305619,0.14194107,0.54550526
592.00000000,300.72692579,0.40364115,0.14077270,0.54444265
596.00000000,300.35766068,0.39967569,0.14290317,0.54241993
600.00000000,300.15283215,0.40344164,0.14638041,0.54978368
604.00000000,299.50263259,0.40951807,0.14703890,0.55674566
608.00000000,298.40494477,0.41148665,0.14619550,0.55872222
612.00000000,298.01370725,0.41027164,0.14636947,0.55789995
616.00000000,298.55540938,0.40875849,0.14388173,0.55356341
620.00000000,298.56009184,0.40848929,0.14386198,0.55288149
624.00000000,298.64756833,0.40888562,0.14087465,0.55017971
628.00000000,298.82508405,0.41332376,0.14049732,0.55518002
632.00000000,299.58165365,0.41282210,0.14269367,0.55661040
636.00000000,299.59505843,0.41181208,0.14122265,0.55304833
640.00000000,300.19524718,0.41730956,0.14020413,0.55746045
644.00000000,300.06067548,0.41983209,0.14042692,0.55990550
648.00000000,300.20280974,0.42259392,0.14543386,0.56761019
652.00000000,300.77453233,0.42339002,0.14420903,0.56742431
656.00000000,300.27858232,0.42048379,0.14582945,0.56781302
660.00000000,299.71873440,0.42028205,0.14769857,0.56892898
664.00000000,299.51302546,0.42259834,0.14962825,0.57266795
668.00000000,299.01494249,0.42433848,0.14889069,0.57424454
672.00000000,299.48705077,0.42893688,0.14910514,0.57860125
676.00000000,299.77366866,0.42867216,0.14812833,0.57645859
680.00000000,300.15155280,0.42938545,0.14774020,0.57732913
684.00000000,300.60028531,0.43060091,0.14832239,0.57950015
688.00000000,300.73532278,0.42963896,0.14490775,0.57477351
692.00000000,300.39531823,0.42876063,0.14813698,0.57754851
696.00000000,300.07510056,0.43063331,0.14593170,0.57811010
700.00000000,300.79855368,0.42501772,0.14404377,0.57056704
704.00000000,300.95016148,0.41760767,0.14389123,0.56114569
708.00000000,300.85960656,0.41998191,0.14757938,0.56749843
712.00000000,300.64839917,0.41945600,0.14868622,0.56807117
716.00000000,300.92886372,0.41817450,0.14940259,0.56852985
720.00000000,300.92244028,0.42052674,0.14981933,0.57185717
724.00000000,300.47449377,0.42533562,0.15016952,0.57620707
728.00000000,300.40728957,0.42768213,0.14866871,0.57727052
732.00000000,300.68712320,0.42705141,0.14716982,0.57520188
736.00000000,300.88589274,0.42711241,0.14957836,0.57818313
740.00000000,300.65294588,0.42199755,0.14930350,0.57265446
744.00000000,300.81144415,0.42461495,0.14987524,0.57613125
748.00000000,300.56000458,0.41836512,0.14736276,0.56706637
752.00000000,301.12107199,0.41746862,0.14702010,0.56598659
756.00000000,300.55829416,0.42158327,0.14455460,0.56705389
760.00000000,300.13325250,0.42362717,0.14449958,0.56808195
764.00000000,300.68345627,0.42872091,0.14398578,0.57326782
768.00000000,300.58997693,0.42424166,0.14532534,0.57029481
772.00000000,300.47063211,0.42781183,0.14571823,0.57370826
776.00000000,300.71347033,0.42019468,0.14562623,0.56611924
780.00000000,301.64423406,0.41794786,0.14541511,0.56429657
784.00000000,301.67664369,0.41813176,0.14659786,0.56594453
788.00000000,301.73045924,0.41558280,0.14703578,0.56316945
792.00000000,301.20232644,0.41594139,0.14403295,0.56101978
796.00000000,300.17669654,0.41674505,0.14788200,0.56618118
800.00000000,300.45668331,0.41701099,0.14886876,0.56736807
804.00000000,300.05377200,0.42066786,0.15233094,0.57392604
808.00000000,300.16366359,0.41195478,0.15287454,0.56537419
812.00000000,300.53903192,0.41314527,0.15635076,0.56969236
816.00000000,300.33428011,0.41378695,0.15676184,0.57083264
820.00000000,299.72122961,0.41905867,0.15528722,0.57431750
824.00000000,300.57755449,0.41675686,0.15330663,0.57034683
828.00000000,300.46600966,0.41990905,0.15602944,0.57683472
832.00000000,300.80777400,0.42061713,0.15652401,0.57841229
836.00000000,300.90471296,0.41940765,0.15839862,0.57846230
840.00000000,300.46136833,0.42507632,0.15471711,0.57960911
844.00000000,300.29151533,0.42290539,0.15477888,0.57749457
848.00000000,300.13052855,0.41688046,0.15485156,0.57170557
852.00000000,300.02658254,0.42450249,0.15594309,0.58026621
856.00000000,299.65375562,0.42523819,0.15626353,0.58105409
860.00000000,299.19498839,0.42382216,0.15888494,0.58192390
864.00000000,298.83977552,0.41668279,0.16032752,0.57649180
868.00000000,298.93809090,0.41842160,0.16056040,0.57841015
872.00000000,298.84042711,0.42013105,0.15999014,0.57986349
876.00000000,299.01886017,0.42193674,0.15833221,0.57931683
880.00000000,299.18812116,0.42375612,0.15655690,0.58100622
884.00000000,299.11614232,0.42742744,0.15812616,0.58539601
888.00000000,298.67596866,0.42845822,0.15912856,0.58630659
892.00000000,298.14813114,0.42740680,0.15636892,0.58159034
896.00000000,297.92412148,0.43074433,0.15518531,0.58477265
900.00000000,298.29595616,0.43040401,0.15369327,0.58416692
904.00000000,298.06125793,0.43403491,0.15452977,0.58882946
908.00000000,298.02087635,0.43132854,0.15489557,0.58683414
912.00000000,298.09177072,0.43632714,0.14948646,0.58720269
916.00000000,298.51216768,0.43111817,0.15034897,0.58303939
920.00000000,298.49010478,0.43065279,0.15030501,0.58242972
924.00000000,298.42753848,0.42661340,0.15427358,0.58181047
928.00000000,298.73221275,0.42942798,0.15348972,0.58339866
932.00000000,299.08458600,0.43224614,0.15809620,0.59117800
936.00000000,299.14224305,0.43430656,0.15767586,0.59263605
940.00000000,299.57184677,0.43082354,0.15834183,0.59064912
944.00000000,299.50298561,0.43354342,0.15491261,0.58999141
948.00000000,299.72753508,0.43722533,0.15652673,0.59493025
952.00000000,300.50253311,0.43779281,0.15710366,0.59564177
956.00000000,301.12421933,0.43656155,0.15467101,0.59237016
960.00000000,301.46588965,0.43518418,0.15262236,0.58900319
964.00000000,301.74632694,0.43026871,0.15126089,0.58278166
968.00000000,301.45997216,0.42455723,0.15310259,0.57777342
972.00000000,302.03950866,0.42034276,0.15485750,0.57586534
976.00000000,302.38060881,0.41869058,0.15542294,0.57451353
980.00000000,302.37879749,0.41759518,0.15431298,0.57226887
984.00000000,302.53780719,0.42612324,0.15240787,0.57990225
988.00000000,301.35111557,0.42669217,0.14849601,0.57612759
992.00000000,301.25612733,0.42699230,0.14686732,0.57470226
996.00000000,301.71206755,0.42792817,0.14838390,0.57681259
1000.00000000,302.20683904,0.43236866,0.14887973,0.58224658
1004.00000000,301.81518420,0.43397203,0.14901230,0.58379764
1008.00000000,301.32071809,0.43316586,0.15084654,0.58458306
1012.00000000,301.73358247,0.42482796,0.14947513,0.57540488
1016.00000000,301.45266639,0.42667739,0.15004660,0.57764180
1020.00000000,302.13867732,0.42812803,0.15062186,0.57961512
1024.00000000,302.08172868,0.43036645,0.15169720,0.58298347
1028.00000000,301.80657649,0.42832539,0.15212785,0.58120840
1032.00000000,301.71903925,0.43121285,0.15455421,0.58609071
1036.00000000,301.68611431,0.43009394,0.15561863,0.58569645
1040.00000000,300.93625145,0.42893078,0.15254077,0.58132787
1044.00000000,301.39867800,0.43010052,0.15582311,0.58521816
1048.00000000,301.71612836,0.42666688,0.15321455,0.57891803
1052.00000000,301.49081091,0.43346132,0.15282162,0.58527834
1056.00000000,300.70662185,0.42888670,0.15367021,0.58107458
1060.00000000,300.25477787,0.43245779,0.15211188,0.58398590
1064.00000000,299.87160790,0.43290969,0.15528470,0.58868876
1068.00000000,299.84932814,0.43856848,0.15253580,0.59068718
1072.00000000,299.76426626,0.43303323,0.14983873,0.58220702
1076.00000000,300.00628442,0.43188726,0.15255244,0.58379083
1080.00000000,300.04206380,0.43207786,0.15740907,0.58877125
1084.00000000,300.77897519,0.43929405,0.15861316,0.59641498
1088.00000000,301.06424048,0.44003675,0.15779260,0.59707127
1092.00000000,300.76659342,0.44336542,0.15688196,0.59923674
1096.00000000,300.68240400,0.44822590,0.15619314,0.60375864
1100.00000000,300.75464163,0.44575099,0.15784955,0.60321344
1104.00000000,301.34983141,0.44636153,0.15542464,0.60082976
1108.00000000,301.38247575,0.44595702,0.15372177,0.59851615
1112.00000000,301.19230890,0.44740384,0.15485861,0.60017839
1116.00000000,300.41338653,0.45119347,0.15455744,0.60546718
1120.00000000,300.44807708,0.44967299,0.15399678,0.60325278
1124.00000000,300.34069575,0.44774344,0.15314497,0.60036690
1128.00000000,299.87893021,0.45085451,0.15359680,0.60496743
1132.00000000,300.01127130,0.45581243,0.15498054,0.61132041
1136.00000000,300.19526475,0.44898717,0.15684328,0.60603331
1140.00000000,300.01889029,0.44602203,0.15680733,0.60427009
1144.00000000,300.14983945,0.44689811,0.15509535,0.60262624
1148.00000000,299.41740496,0.44285054,0.15669969,0.60046226
1152.00000000,300.11133784,0.44927023,0.15810525,0.60754040
1156.00000000,300.02317166,0.45079706,0.15707849,0.60896334
1160.00000000,300.07739316,0.45111817,0.15750690,0.60911533
1164.00000000,300.46496687,0.45236223,0.15447899,0.60778084
1168.00000000,299.99320923,0.45808806,0.15403752,0.61430238
1172.00000000,299.74419895,0.45839712,0.14993474,0.61021304
1176.00000000,300.26487443,0.46373905,0.15065339,0.61584958
1180.00000000,300.18582443,0.46450072,0.14649464,0.61144891
1184.00000000,299.70162838,0.46637329,0.14683418,0.61338271
1188.00000000,299.24974206,0.47018500,0.14546363,0.61550451
1192.00000000,299.24153668,0.47135846,0.14509752,0.61609178
1196.00000000,299.41905444,0.47143273,0.14495971,0.61633490
1200.00000000,299.14561744,0.46914233,0.14642522,0.61485033
1204.00000000,299.16873691,0.46202260,0.14729517,0.60918727
1208.00000000,299.56649393,0.46662917,0.14817049,0.61422906
1212.00000000,300.77172741,0.46409497,0.14652315,0.61077833
1216.00000000,300.80434083,0.45953473,0.14822035,0.60864896
1220.00000000,300.51831250,0.45447593,0.14782615,0.60274888
1224.00000000,300.61959113,0.45869998,0.15113810,0.61055524
1228.00000000,300.99010974,0.46060301,0.15280132,0.61370734
1232.00000000,301.08008021,0.45893746,0.15316491,0.61174953
1236.00000000,301.50612246,0.45553888,0.15385431,0.60910365
1240.00000000,301.85632207,0.45499204,0.15698527,0.61188406
1244.00000000,301.08414688,0.45601521,0.15735070,0.61212045
1248.00000000,300.90260781,0.45576324,0.15665193,0.61184173
1252.00000000,300.00217193,0.45670093,0.15594609,0.61243591
1256.00000000,299.55035980,0.45705655,0.15606080,0.61277444
1260.00000000,299.18899333,0.45492853,0.15155707,0.60629829
1264.00000000,298.85220205,0.45589139,0.15510559,0.61081264
1268.00000000,298.66461033,0.45005625,0.15001666,0.59859072
1272.00000000,298.70774244,0.45134412,0.15408352,0.60421018
1276.00000000,298.00242646,0.45133662,0.15587649,0.60552263
1280.00000000,298.10802149,0.45102740,0.15612900,0.60571796
1284.00000000,298.72939410,0.44913568,0.15517802,0.60314074
1288.00000000,298.88768583,0.44643735,0.15979575,0.60628284
1292.00000000,299.25585191,0.45161228,0.15916542,0.61000724
1296.00000000,299.78805557,0.44947861,0.15998402,0.60882460
1300.00000000,298.94667333,0.44752985,0.15844675,0.60502940
1304.00000000,299.18650533,0.44600277,0.15922199,0.60507854
1308.00000000,299.20380906,0.44902402,0.15911953,0.60868723
1312.00000000,299.92328953,0.44761099,0.15278807,0.59975511
1316.00000000,299.99420291,0.44549256,0.14906206,0.59441791
1320.00000000,300.18284741,0.44570959,0.14725421,0.59322863
1324.00000000,299.79477145,0.44376237,0.14815412,0.59226323
1328.00000000,300.40984071,0.44642243,0.15011499,0.59715625
1332.00000000,300.01053846,0.44607527,0.14838199,0.59548863
1336.00000000,299.77695758,0.45244374,0.14872433,0.60311578
1340.00000000,300.20220082,0.44990857,0.15260509,0.60364400
1344.00000000,300.33510580,0.45233096,0.15362457,0.60623368
1348.00000000,300.51090162,0.45417703,0.15137051,0.60540160
1352.00000000,301.61311369,0.45638333,0.15254188,0.60832434
1356.00000000,301.47071470,0.45684841,0.15226308,0.60864397
1360.00000000,301.65718809,0.45943173,0.15351730,0.61345376
1364.00000000,301.49740547,0.46496716,0.15311355,0.61830210
1368.00000000,301.10752746,0.46622183,0.15449527,0.62090435
1372.00000000,301.36447635,0.46979838,0.15423271,0.62393714
1376.00000000,300.57186523,0.47022858,0.15294732,0.62332731
1380.00000000,300.65128877,0.46316484,0.15363289,0.61693330
1384.00000000,300.11722875,0.46109680,0.15504785,0.61646584
1388.00000000,301.17519023,0.45803910,0.15612107,0.61539559
1392.00000000,301.51347278,0.45663970,0.15981295,0.61800706
1396.00000000,301.24172878,0.45023248,0.15932542,0.61056495
1400.00000000,300.82764119,0.45028947,0.16215933,0.61335046
1404.00000000,300.57263018,0.45372167,0.16059885,0.61567865
1408.00000000,300.35378923,0.44682122,0.16160390,0.60982715
1412.00000000,301.43295347,0.45232728,0.16009903,0.61265798
1416.00000000,301.14278092,0.44974425,0.15834428,0.60774156
1420.00000000,301.03580232,0.44835859,0.15937830,0.60746423
1424.00000000,301.11049920,0.44647353,0.15797321,0.60521074
1428.00000000,301.48778369,0.44192838,0.15639851,0.59957488
1432.00000000,300.32008825,0.44261713,0.15873712,0.60223357
1436.00000000,300.56328822,0.44021644,0.15409093,0.59445137
1440.00000000,300.52472304,0.44059642,0.15683063,0.59801760
1444.00000000,300.25587591,0.43905211,0.15471808,0.59421434
1448.00000000,300.66097282,0.43930029,0.15429734,0.59257419
1452.00000000,300.90652381,0.43771625,0.15619551,0.59290604
1456.00000000,301.43663147,0.43463149,0.15525072,0.58861642
1460.00000000,301.68364674,0.43822854,0.15319954,0.59088009
1464.00000000,302.10198471,0.43516912,0.15067294,0.58577832
1468.00000000,301.53966644,0.43553305,0.14753849,0.58360675
1472.00000000,302.16100323,0.43749449,0.14671633,0.58465659
1476.00000000,302.27457232,0.43934034,0.15058703,0.59007497
1480.00000000,302.77869880,0.43852164,0.14835671,0.58736038
1484.00000000,302.85110103,0.43698846,0.14751195,0.58548742
1488.00000000,302.54656772,0.44106661,0.14615142,0.58808197
1492.00000000,302.50893192,0.43797380,0.14790296,0.58739870
1496.00000000,302.24236987,0.43793738,0.14854520,0.58717026
1500.00000000,302.02900865,0.43513167,0.14975441,0.58576291
1504.00000000,301.72892417,0.43767774,0.14623679,0.58468502
1508.00000000,302.09933407,0.44185578,0.14730491,0.58965752
1512.00000000,301.76105514,0.43621990,0.15013016,0.58724963
1516.00000000,302.40798411,0.43726223,0.15017309,0.58852184
1520.00000000,302.85080691,0.43006746,0.15082488,0.58217281
1524.00000000,302.99774761,0.43709146,0.15049566,0.58860602
1528.00000000,302.50708181,0.43981055,0.14947302,0.59052373
1532.00000000,301.55417905,0.43844391,0.14745944,0.58618281
1536.00000000,301.74511796,0.44160238,0.15397577,0.59644807
1540.00000000,301.11387405,0.44208722,0.15534508,0.59830125
1544.00000000,300.65420856,0.43782417,0.15357072,0.59172340
1548.00000000,300.39126214,0.43865075,0.15375897,0.59247116
1552.00000000,299.83656116,0.44666233,0.15519490,0.60213645
1556.00000000,299.30817810,0.44616912,0.15483980,0.60070641
1560.00000000,300.08372347,0.44715986,0.15332130,0.60044286
1564.00000000,299.96197306,0.44432673,0.15298853,0.59611212
1568.00000000,300.70460253,0.43711226,0.15182528,0.58913778
1572.00000000,300.82955682,0.43588262,0.15221322,0.58917932
1576.00000000,301.23910946,0.43901420,0.15216940,0.59166648
1580.00000000,301.41475479,0.43558216,0.15398035,0.59111501
1584.00000000,301.49275638,0.43865218,0.15152758,0.59182773
1588.00000000,301.60110120,0.44039448,0.15014625,0.59167129
1592.00000000,301.59391977,0.43602073,0.14843889,0.58464615
1596.00000000,301.74502091,0.43860225,0.14955596,0.58792729
1600.00000000,302.04462817,0.43403787,0.14639472,0.58102044
