time_ps,temperature_K,kappa_in_W_mK,kappa_out_W_mK,kappa_total_W_mK
0.00000000,297.80160228,0.07444954,0.02541218,0.09981915
4.00000000,297.18100936,0.07867379,0.02658812,0.10589892
8.00000000,296.75917460,0.08165920,0.02730548,0.10982182
12.00000000,296.44330301,0.08370231,0.02950441,0.11389788
16.00000000,296.86875453,0.08670764,0.03095475,0.11786837
20.00000000,297.40105553,0.09013033,0.03148770,0.12182294
24.00000000,298.02113755,0.09197470,0.03230322,0.12440362
28.00000000,298.23967162,0.09315974,0.03388039,0.12719134
32.00000000,299.21336346,0.09701623,0.03400109,0.13115927
36.00000000,299.50252840,0.09905244,0.03579086,0.13514398
40.00000000,299.60585976,0.10019305,0.03643202,0.13680793
44.00000000,299.37543379,0.10251512,0.03584810,0.13878856
48.00000000,299.71576040,0.10497600,0.03917556,0.14487596
52.00000000,299.89740151,0.10722064,0.04066873,0.14826066
56.00000000,299.48926439,0.10770640,0.04155191,0.14883428
60.00000000,299.01089759,0.10869373,0.04239346,0.15063338
64.00000000,299.11961621,0.10991415,0.04298869,0.15227062
68.00000000,299.24096204,0.11301400,0.04396933,0.15602184
72.00000000,299.90761631,0.11415739,0.04446728,0.15804088
76.00000000,300.22841162,0.11456234,0.04578285,0.16000107
80.00000000,299.72856872,0.11777805,0.04606277,0.16348694
84.00000000,299.60179286,0.12126536,0.04804696,0.16906788
88.00000000,299.59393917,0.12148281,0.04857651,0.16930624
92.00000000,299.49263657,0.12140487,0.04860221,0.16920925
96.00000000,299.90520132,0.12514670,0.04808949,0.17294063
100.00000000,300.11497676,0.12644411,0.04884167,0.17467005
104.00000000,300.47417836,0.12657760,0.04994592,0.17659505
108.00000000,299.82018636,0.12751381,0.05102398,0.17939372
112.00000000,299.11416291,0.12803469,0.05205743,0.18062211
116.00000000,299.06814863,0.12949242,0.05175587,0.18145537
120.00000000,299.34882416,0.13134460,0.05276355,0.18402850
124.00000000,299.42856216,0.13211136,0.05265834,0.18482179
128.00000000,299.35847923,0.13356848,0.05315856,0.18630698
132.00000000,298.99033774,0.13647990,0.05319095,0.18927936
136.00000000,298.95740544,0.13870639,0.05419506,0.19235391
140.00000000,298.97500460,0.13910842,0.05365301,0.19212216
144.00000000,298.84169358,0.14140338,0.05417399,0.19481945
148.00000000,298.52519818,0.14213586,0.05508723,0.19649179
152.00000000,298.67613949,0.14280509,0.05563048,0.19780725
156.00000000,298.09929396,0.14584204,0.05610951,0.20140859
160.00000000,298.06584240,0.14723544,0.05640890,0.20280457
164.00000000,298.58498012,0.14728088,0.05689171,0.20305656
168.00000000,298.74264600,0.14936512,0.05779124,0.20588045
172.00000000,298.49569559,0.14981515,0.05802060,0.20728899
176.00000000,298.05654332,0.15351108,0.05758144,0.21038660
180.00000000,297.65342587,0.15577116,0.05911315,0.21486232
184.00000000,296.74399473,0.15637047,0.05873689,0.21547787
188.00000000,297.08924234,0.15753101,0.05932368,0.21748132
192.00000000,297.82628472,0.15862807,0.05986487,0.21972961
196.00000000,299.01694124,0.16110108,0.06047449,0.22251300
200.00000000,299.15035911,0.16166452,0.06130145,0.22349030
204.00000000,299.21785049,0.16483468,0.06119454,0.22633296
208.00000000,298.74048403,0.16580996,0.06247197,0.22877153
212.00000000,299.77237147,0.16677153,0.06291827,0.23025064
216.00000000,299.70869629,0.16748537,0.06295056,0.23100696
220.00000000,299.59631945,0.16712705,0.06426540,0.23217768
224.00000000,299.29469042,0.16948579,0.06500165,0.23483659
228.00000000,299.05563027,0.17101084,0.06449569,0.23555761
232.00000000,298.96205196,0.17236913,0.06519669,0.23800827
236.00000000,299.24512394,0.17549807,0.06648974,0.24209489
240.00000000,299.36303732,0.17623415,0.06483568,0.24134788
244.00000000,299.44281068,0.17657995,0.06567477,0.24204511
248.00000000,299.78397921,0.17879077,0.06516841,0.24347800
252.00000000,299.61372508,0.17958970,0.06547993,0.24457254
256.00000000,299.63608264,0.17803841,0.06651266,0.24447603
260.00000000,299.97145721,0.17832837,0.06621085,0.24446687
264.00000000,300.09269690,0.17955341,0.06734904,0.24687651
268.00000000,300.17863817,0.17781465,0.06686910,0.24461639
272.00000000,300.48585327,0.17932710,0.06866106,0.24773497
276.00000000,300.88948507,0.17852809,0.06876752,0.24767209
280.00000000,300.43338016,0.18029788,0.06821959,0.24858097
284.00000000,301.00234996,0.18330719,0.06846168,0.25153509
288.00000000,301.10286321,0.18375272,0.06878685,0.25186928
292.00000000,301.46663848,0.18474032,0.06784994,0.25145660
296.00000000,301.37203007,0.18756202,0.06826392,0.25492331
300.00000000,301.75103269,0.18955603,0.06916896,0.25760909
304.00000000,302.42876455,0.19137111,0.06923103,0.25994690
308.00000000,301.64183069,0.19271771,0.07128412,0.26351208
312.00000000,301.45474087,0.19219761,0.07196348,0.26340176
316.00000000,301.54527175,0.19271810,0.07211192,0.26415347
320.00000000,301.78553289,0.19143065,0.07209784,0.26252665
324.00000000,301.23888877,0.19324711,0.07133195,0.26362861
328.00000000,300.54574535,0.19403290,0.07205902,0.26542747
332.00000000,300.68013121,0.19557733,0.07195617,0.26648911
336.00000000,300.79440663,0.19782047,0.07204612,0.26852321
340.00000000,300.26576849,0.19774026,0.07325502,0.26988312
344.00000000,300.53311390,0.19976832,0.07425321,0.27286242
348.00000000,300.04863325,0.19884864,0.07328440,0.27170097
352.00000000,299.37711095,0.20075506,0.07292905,0.27340251
356.00000000,299.45560231,0.20052217,0.07323222,0.27365499
360.00000000,299.33430260,0.19940131,0.07345696,0.27309764
364.00000000,299.00482795,0.20041512,0.07364713,0.27396981
368.00000000,298.57390378,0.19898044,0.07478993,0.27383581
372.00000000,298.23400726,0.19872844,0.07255604,0.27141769
376.00000000,297.90446063,0.19802995,0.07254287,0.27072602
380.00000000,297.28416580,0.19984053,0.07393643,0.27374257
384.00000000,297.17090227,0.19989509,0.07471269,0.27475006
388.00000000,297.53766789,0.19830660,0.07396438,0.27233604
392.00000000,297.33167376,0.20021331,0.07187815,0.27229811
396.00000000,297.48619191,0.20110129,0.07239250,0.27366627
400.00000000,297.72887280,0.20065070,0.07335157,0.27398062
404.00000000,297.59575353,0.20094736,0.07261744,0.27328729
408.00000000,297.50839985,0.20076569,0.07368863,0.27465010
412.00000000,298.07095995,0.20210810,0.07291071,0.27526577
416.00000000,298.62784358,0.20275030,0.07350421,0.27696972
420.00000000,299.44660460,0.20373223,0.07320791,0.27766611
424.00000000,299.56053062,0.20211829,0.07453494,0.27640950
428.00000000,299.08831127,0.20234689,0.07338418,0.27608488
432.00000000,298.96045378,0.20248589,0.07436441,0.27686616
436.00000000,298.29805837,0.20126677,0.07522223,0.27642532
440.00000000,297.80667312,0.20019522,0.07667174,0.27680274
444.00000000,297.16457287,0.20113242,0.07746923,0.27845795
448.00000000,297.26189922,0.20173276,0.07780141,0.27952291
452.00000000,296.75981275,0.20313718,0.07661261,0.28012294
456.00000000,296.63909643,0.20360644,0.07680979,0.28065345
460.00000000,297.30890387,0.20275173,0.07566851,0.27888723
464.00000000,298.44530150,0.19931918,0.07587770,0.27586704
468.00000000,298.11009882,0.20170351,0.07519803,0.27729381
472.00000000,298.54855461,0.19892799,0.07497954,0.27394085
476.00000000,298.76749251,0.19710873,0.07485066,0.27200231
480.00000000,298.83923171,0.19848491,0.07410830,0.27315276
484.00000000,298.45132199,0.19894692,0.07430268,0.27357248
488.00000000,298.92201953,0.20009361,0.07528177,0.27564102
492.00000000,298.13151741,0.20018557,0.07433265,0.27489978
496.00000000,298.21075227,0.19963883,0.07422066,0.27426436
500.00000000,298.22631231,0.19940771,0.07410359,0.27397918
504.00000000,299.12090044,0.20107242,0.07418635,0.27614043
508.00000000,299.18066431,0.20301001,0.07396773,0.27745259
512.00000000,299.38389881,0.20599703,0.07289499,0.27887531
516.00000000,298.57994639,0.20711135,0.07244010,0.27922161
520.00000000,299.04919779,0.20647729,0.07406879,0.28001011
524.00000000,299.77344834,0.20674903,0.07435096,0.28039713
528.00000000,299.93883866,0.20677455,0.07391485,0.27996352
532.00000000,299.97054461,0.20917893,0.07302682,0.28156523
536.00000000,299.49376048,0.20709800,0.07349790,0.28021973
540.00000000,299.58673213,0.20384651,0.07369682,0.27696270
544.00000000,300.03007636,0.20406426,0.07405823,0.27727485
548.00000000,299.58582702,0.20585028,0.07431664,0.27918338
552.00000000,299.16311827,0.20759428,0.07433137,0.28114720
556.00000000,299.01085065,0.21005978,0.07539311,0.28512535
560.00000000,299.37971119,0.20710104,0.07608083,0.28299288
564.00000000,299.49616978,0.20794654,0.07606486,0.28382706
568.00000000,299.24416516,0.21121363,0.07653942,0.28823212
572.00000000,299.44079170,0.21106958,0.07681615,0.28818574
576.00000000,299.52880547,0.21238197,0.07647039,0.28901735
580.00000000,300.11245029,0.21245038,0.07649884,0.28877722
584.00000000,299.96432913,0.21094843,0.07595864,0.28670265
588.00000000,300.26845111,0.21122710,0.07577019,0.28680262
592.00000000,299.90763570,0.21005175,0.07663916,0.28639494
596.00000000,299.89640906,0.20924843,0.07665870,0.28551416
600.00000000,299.91736453,0.20801682,0.07678421,0.28439410
604.00000000,300.94097718,0.20563027,0.07656907,0.28175329
608.00000000,300.60986239,0.20609634,0.07562727,0.28147613
612.00000000,299.92135232,0.20610874,0.07572715,0.28190723
616.00000000,299.86402531,0.20763002,0.07590043,0.28311687
620.00000000,300.42950777,0.20667524,0.07653770,0.28296152
624.00000000,300.35555728,0.20604945,0.07752691,0.28289577
628.00000000,300.67627354,0.20709316,0.07715417,0.28394272
632.00000000,300.17791676,0.20779373,0.07802075,0.28568063
636.00000000,299.17292457,0.20754460,0.07850671,0.28610461
640.00000000,298.99421159,0.20688795,0.07765456,0.28441190
644.00000000,298.60677253,0.20844354,0.07829138,0.28611477
648.00000000,297.71884910,0.21104044,0.07840153,0.28942584
652.00000000,298.00884658,0.21219646,0.07862764,0.29114995
656.00000000,298.08861218,0.21449945,0.07916456,0.29417325
660.00000000,297.75880804,0.21385029,0.08019765,0.29446733
664.00000000,298.51848493,0.21529848,0.08126481,0.29687836
668.00000000,298.70057537,0.21508361,0.08071672,0.29563179
672.00000000,298.85534649,0.21709224,0.08010713,0.29774218
676.00000000,299.27152462,0.21765486,0.08015492,0.29845803
680.00000000,299.38140048,0.21559444,0.08027095,0.29657186
684.00000000,299.03300793,0.21525478,0.07993436,0.29574017
688.00000000,299.72369898,0.21577880,0.08005110,0.29612217
692.00000000,300.28585377,0.21449158,0.08090034,0.29518885
696.00000000,300.54359619,0.21450708,0.08141455,0.29613997
700.00000000,300.19573485,0.21635743,0.08142129,0.29821172
704.00000000,299.84306808,0.21540058,0.08249146,0.29847277
708.00000000,300.23488145,0.21638271,0.08343772,0.29994996
712.00000000,300.72464101,0.21692998,0.08333570,0.30014533
716.00000000,300.46927550,0.21393386,0.08431018,0.29838440
720.00000000,300.24240413,0.21669269,0.08402416,0.30051883
724.00000000,300.80402350,0.21574256,0.08366428,0.29923112
728.00000000,301.14639755,0.21712943,0.08270648,0.29933804
732.00000000,300.90980668,0.21587319,0.08191774,0.29703578
736.00000000,301.10622519,0.21618583,0.08103418,0.29686620
740.00000000,300.90377660,0.21839443,0.08176436,0.30009081
744.00000000,300.70953641,0.21940646,0.08272060,0.30251635
748.00000000,300.90308277,0.21801543,0.08248924,0.30079462
752.00000000,300.65219845,0.21703511,0.08231659,0.29924591
756.00000000,300.71687635,0.21844788,0.08308387,0.30178211
760.00000000,299.48839097,0.21785357,0.08192789,0.30056211
764.00000000,299.38433709,0.21678284,0.08204001,0.29967913
768.00000000,299.21062397,0.21709987,0.08281390,0.30089059
772.00000000,299.04747509,0.21875706,0.08302447,0.30229665
776.00000000,299.45459194,0.21835309,0.08173505,0.30013063
780.00000000,299.47999074,0.21770964,0.08190486,0.29986685
784.00000000,299.63512937,0.21736287,0.08215154,0.29975525
788.00000000,299.91316272,0.21714381,0.08161342,0.29891679
792.00000000,299.61365177,0.21875879,0.08062429,0.29944161
796.00000000,300.02389889,0.21997541,0.07940314,0.29912392
800.00000000,300.35836798,0.22026060,0.07916992,0.29872700
804.00000000,300.65909767,0.21834647,0.07902230,0.29694734
808.00000000,300.36413554,0.21784925,0.07971330,0.29740430
812.00000000,299.64425401,0.21747817,0.07895254,0.29581199
816.00000000,299.88453791,0.21788492,0.07890387,0.29625147
820.00000000,299.92949859,0.21751052,0.07872280,0.29565307
824.00000000,300.28577226,0.21652365,0.07999402,0.29589333
828.00000000,300.39570167,0.21520887,0.07958536,0.29445161
832.00000000,300.57170411,0.21504433,0.07949476,0.29430490
836.00000000,300.30664487,0.21738626,0.07939813,0.29670278
840.00000000,300.40063852,0.21661946,0.07996366,0.29623102
844.00000000,300.54742438,0.21391312,0.08003438,0.29345801
848.00000000,300.95534525,0.21348653,0.07942584,0.29248286
852.00000000,300.87755342,0.21383578,0.07919139,0.29251876
856.00000000,301.01055001,0.21491509,0.07869612,0.29313305
860.00000000,301.22060317,0.21265965,0.07908573,0.29138243
864.00000000,301.05349069,0.21351809,0.07957634,0.29332073
868.00000000,300.76856801,0.21316824,0.07895465,0.29238987
872.00000000,300.26556393,0.21412490,0.07775035,0.29215260
876.00000000,299.99307852,0.21477929,0.07773529,0.29242808
880.00000000,300.23917392,0.21639316,0.07754943,0.29351639
884.00000000,299.70802593,0.21673228,0.07878718,0.29531622
888.00000000,299.28811587,0.21744320,0.07896276,0.29580414
892.00000000,299.24431324,0.21887610,0.07952063,0.29789230
896.00000000,299.36352057,0.21732476,0.08019517,0.29700672
900.00000000,299.48033375,0.21566288,0.08070731,0.29591444
904.00000000,299.64838062,0.21754061,0.08027463,0.29764237
908.00000000,300.29434190,0.21722872,0.08002762,0.29690052
912.00000000,300.55804398,0.21764268,0.07932833,0.29680913
916.00000000,300.52989667,0.21582238,0.07904036,0.29466653
920.00000000,300.46087582,0.21701500,0.07999748,0.29673243
924.00000000,300.61818212,0.21779362,0.07983031,0.29704917
928.00000000,300.82005553,0.21798896,0.07952500,0.29682052
932.00000000,300.58145257,0.22050814,0.07987929,0.29984815
936.00000000,300.94737782,0.22261180,0.07952560,0.30202142
940.00000000,301.46741595,0.22290868,0.08009868,0.30329814
944.00000000,301.33190708,0.21968041,0.08179086,0.30226620
948.00000000,301.17919376,0.21771243,0.08231126,0.30063777
952.00000000,300.69211331,0.21845577,0.08107369,0.30027745
956.00000000,301.23670549,0.21777354,0.08153542,0.29993479
960.00000000,300.45281504,0.21889697,0.08226028,0.30158608
964.00000000,300.28248867,0.22004029,0.08300412,0.30308727
968.00000000,300.41612279,0.22111136,0.08360921,0.30474166
972.00000000,299.95476915,0.21992021,0.08496859,0.30517899
976.00000000,299.49913820,0.21945963,0.08492179,0.30482252
980.00000000,298.95753501,0.21901927,0.08609121,0.30541103
984.00000000,298.83985406,0.21999098,0.08649049,0.30663456
988.00000000,298.72844173,0.21955338,0.08653309,0.30584339
992.00000000,298.40061632,0.21873412,0.08703854,0.30581517
996.00000000,299.02917846,0.21851535,0.08681584,0.30528794
1000.00000000,299.28596084,0.21976969,0.08713072,0.30700892
1004.00000000,300.07464327,0.21772486,0.08638858,0.30424923
1008.00000000,300.14233940,0.21678494,0.08567052,0.30240874
1012.00000000,300.00364007,0.22041196,0.08593566,0.30628040
1016.00000000,300.33244560,0.22011897,0.08518918,0.30525837
1020.00000000,300.65974070,0.22216747,0.08510592,0.30698153
1024.00000000,300.92685989,0.22522170,0.08417979,0.30958585
1028.00000000,301.13711514,0.22360003,0.08439609,0.30786277
1032.00000000,300.89687894,0.22329755,0.08398436,0.30697258
1036.00000000,300.79058655,0.22167601,0.08391789,0.30491672
1040.00000000,301.65622401,0.22337211,0.08352871,0.30616824
1044.00000000,301.52796370,0.22382812,0.08355402,0.30595309
1048.00000000,301.15226200,0.22291543,0.08200511,0.30327073
1052.00000000,300.74071690,0.22015026,0.08151106,0.30029654
1056.00000000,300.78966889,0.22112415,0.08082194,0.30082363
1060.00000000,300.99832445,0.22251920,0.08110617,0.30247939
1064.00000000,300.73375646,0.22193103,0.08150243,0.30307888
1068.00000000,301.16392761,0.22343579,0.08118872,0.30416322
1072.00000000,301.08821465,0.22277694,0.08212532,0.30461978
1076.00000000,301.00516536,0.22245074,0.08075193,0.30330893
1080.00000000,301.18202362,0.22094529,0.08103731,0.30211416
1084.00000000,301.22644966,0.22011156,0.08029797,0.30034167
1088.00000000,301.04084140,0.22204419,0.07921458,0.30130919
1092.00000000,301.20387692,0.22365680,0.07928657,0.30309370
1096.00000000,301.93579400,0.22447770,0.08013695,0.30501476
1100.00000000,301.70978874,0.22539712,0.08066503,0.30684999
1104.00000000,301.25429276,0.22627093,0.08074212,0.30709487
1108.00000000,301.18806944,0.22423984,0.08218423,0.30633242
1112.00000000,300.44828506,0.22603504,0.08331169,0.30877389
1116.00000000,300.75700719,0.22834224,0.08323659,0.31056067
1120.00000000,300.54458729,0.22447415,0.08316210,0.30691529
1124.00000000,300.44838201,0.22452626,0.08391723,0.30833346
1128.00000000,301.00674883,0.22360644,0.08272535,0.30654387
1132.00000000,301.47727305,0.22376900,0.08171048,0.30595406
1136.00000000,301.93453078,0.22376989,0.08131749,0.30508592
1140.00000000,301.75098589,0.22192640,0.08010658,0.30183694
1144.00000000,301.40634034,0.22196150,0.07948338,0.30133720
1148.00000000,301.30849319,0.22256160,0.08091216,0.30312109
1152.00000000,301.23169764,0.22404703,0.08080904,0.30450891
1156.00000000,300.72414203,0.22161494,0.08010616,0.30161841
1160.00000000,301.25772978,0.22363219,0.08091427,0.30464237
1164.00000000,301.10861021,0.22284500,0.08139358,0.30481235
1168.00000000,301.08108926,0.22266026,0.08079128,0.30375618
1172.00000000,301.33421428,0.22239077,0.08216244,0.30475189
1176.00000000,300.62183135,0.22154797,0.08227386,0.30383683
1180.00000000,300.65606932,0.22108084,0.08200870,0.30351754
1184.00000000,301.36629286,0.22077271,0.08156424,0.30276001
1188.00000000,301.78653210,0.22222503,0.08274443,0.30543692
1192.00000000,301.76626439,0.21934512,0.08244255,0.30207951
1196.00000000,301.42591244,0.22003569,0.08242470,0.30295365
1200.00000000,301.05547960,0.21810167,0.08163392,0.30010387
1204.00000000,301.01894219,0.21757437,0.08010272,0.29808044
1208.00000000,301.62717889,0.22012177,0.08043621,0.30081392
1212.00000000,300.95592745,0.22082959,0.08089911,0.30175059
1216.00000000,300.70236772,0.22032914,0.08118571,0.30151805
1220.00000000,300.68432174,0.21931488,0.08198472,0.30086805
1224.00000000,300.59274017,0.22036198,0.08201344,0.30234855
1228.00000000,300.14929919,0.21976283,0.08169883,0.30111430
1232.00000000,300.96909783,0.22040225,0.08302675,0.30325256
1236.00000000,300.41834934,0.21957931,0.08262879,0.30240562
1240.00000000,300.42545400,0.22031954,0.08114104,0.30161900
1244.00000000,300.04577174,0.21968332,0.08072512,0.30025024
1248.00000000,299.90137655,0.21879512,0.08029694,0.29923103
1252.00000000,299.88322078,0.21838829,0.08001991,0.29921871
1256.00000000,299.58896131,0.21800407,0.07987124,0.29796735
1260.00000000,299.86345559,0.21899420,0.07922990,0.29840257
1264.00000000,299.30201986,0.21983975,0.07927466,0.29894005
1268.00000000,299.36096661,0.21845002,0.07843396,0.29658900
1272.00000000,299.61990576,0.21911237,0.07704960,0.29659721
1276.00000000,299.88065138,0.21862438,0.07739399,0.29651721
1280.00000000,299.74013547,0.21991565,0.07868539,0.29956997
1284.00000000,299.25406559,0.21776342,0.07880443,0.29737661
1288.00000000,299.41278907,0.22023669,0.07863745,0.29925070
1292.00000000,299.40896691,0.22183458,0.07921760,0.30160319
1296.00000000,299.59877775,0.22306142,0.07991307,0.30372692
1300.00000000,300.10255024,0.22275856,0.08060811,0.30378124
1304.00000000,300.41221544,0.22154246,0.08045547,0.30188052
1308.00000000,300.36770152,0.22100101,0.07984988,0.30061180
1312.00000000,300.35190247,0.21929498,0.07991549,0.29948944
1316.00000000,300.19281526,0.21959573,0.07951785,0.29909485
1320.00000000,300.33880695,0.21994861,0.08067174,0.30047425
1324.00000000,301.52772015,0.21907327,0.08000220,0.29877365
1328.00000000,301.23470947,0.21817682,0.08046689,0.29851464
1332.00000000,300.98546025,0.21792954,0.08155461,0.29986684
1336.00000000,300.88192832,0.21756641,0.08123933,0.29936082
1340.00000000,300.90071795,0.21878279,0.07995919,0.29951428
1344.00000000,301.03009276,0.21894269,0.08071064,0.30042989
1348.00000000,301.09648136,0.21922401,0.07945883,0.29947249
1352.00000000,300.86986987,0.22133032,0.08030184,0.30209446
1356.00000000,300.60510635,0.21858084,0.08091770,0.29948311
1360.00000000,299.90519368,0.22103765,0.08091645,0.30251454
1364.00000000,298.83273641,0.22177069,0.08133939,0.30377021
1368.00000000,298.27882396,0.22262959,0.08119635,0.30455488
1372.00000000,298.25848755,0.22289681,0.08008610,0.30380348
1376.00000000,298.07139920,0.22050003,0.07982099,0.30112459
1380.00000000,297.77713336,0.21908436,0.08059440,0.29983784
1384.00000000,298.22180166,0.21752540,0.08057099,0.29828780
1388.00000000,297.84095395,0.21869982,0.07902790,0.29814363
1392.00000000,298.03168196,0.21712743,0.07867081,0.29616716
1396.00000000,298.15907804,0.21781526,0.07927963,0.29739591
1400.00000000,298.70298677,0.21958895,0.07901100,0.29866088
1404.00000000,298.84907742,0.21968821,0.07860424,0.29739019
1408.00000000,299.30198802,0.22087234,0.07849945,0.29852829
1412.00000000,298.66943340,0.22173127,0.07908334,0.29996280
1416.00000000,298.79832961,0.21849166,0.07880379,0.29681221
1420.00000000,298.84020343,0.21756484,0.07896806,0.29670923
1424.00000000,298.50393967,0.21835118,0.07955764,0.29778317
1428.00000000,298.78950315,0.21914123,0.08051535,0.29989387
1432.00000000,298.92105278,0.21943833,0.08048217,0.30001055
1436.00000000,298.64047888,0.22050858,0.08090859,0.30114072
1440.00000000,299.34536723,0.21866149,0.08176235,0.30069985
1444.00000000,298.89654451,0.21987259,0.07964822,0.30004796
1448.00000000,298.60085433,0.21906229,0.07936108,0.29885610
1452.00000000,298.80221085,0.21923770,0.07935280,0.29860939
1456.00000000,298.91743229,0.21991012,0.07946083,0.29926387
1460.00000000,298.85632784,0.21852614,0.07914153,0.29725885
1464.00000000,298.57680336,0.21897289,0.07918837,0.29759208
1468.00000000,298.42488422,0.21925882,0.07698392,0.29588511
1472.00000000,299.07426560,0.22094111,0.07749732,0.29818757
1476.00000000,299.04279775,0.21953331,0.07716996,0.29629040
1480.00000000,299.31504890,0.21930491,0.07908574,0.29787485
1484.00000000,299.10248815,0.21993202,0.07855061,0.29835370
1488.00000000,299.19867919,0.21939408,0.07927912,0.29918379
1492.00000000,298.94085587,0.21767428,0.07997674,0.29725319
1496.00000000,298.55175477,0.21881931,0.07940582,0.29766940
1500.00000000,298.90705100,0.22002253,0.07917663,0.29894321
1504.00000000,299.23299168,0.22118487,0.07877822,0.29967979
1508.00000000,298.99523360,0.22000661,0.07939919,0.29890089
1512.00000000,299.29082767,0.22051246,0.07985159,0.30033958
1516.00000000,299.37199829,0.22027741,0.08085229,0.30091443
1520.00000000,300.11450301,0.22545029,0.08096050,0.30602455
1524.00000000,300.15119958,0.22505834,0.08198329,0.30719883
1528.00000000,299.16406706,0.22720645,0.08195431,0.30948226
1532.00000000,298.63386503,0.22716374,0.08298687,0.30972789
1536.00000000,298.81778790,0.22785141,0.08348512,0.31055857
1540.00000000,298.78785084,0.22911388,0.08365902,0.31255225
1544.00000000,298.35330476,0.22691068,0.08337709,0.31058840
1548.00000000,297.77654533,0.22647965,0.08272245,0.30918426
1552.00000000,298.29162821,0.22348228,0.08280067,0.30620606
1556.00000000,298.68954792,0.22045936,0.08353382,0.30414685
1560.00000000,298.94918829,0.22002520,0.08286533,0.30322558
1564.00000000,299.61406385,0.21898461,0.08249557,0.30182062
1568.00000000,299.68997196,0.21727188,0.08251331,0.29964903
1572.00000000,299.71860109,0.21700137,0.08274660,0.29946344
1576.00000000,299.48874134,0.21756567,0.08363107,0.30078674
1580.00000000,299.91513630,0.21636678,0.08317011,0.29924048
1584.00000000,299.45443664,0.21548560,0.08378432,0.29898318
1588.00000000,299.98821407,0.21592631,0.08309856,0.29891080
1592.00000000,299.83775566,0.21648191,0.08327432,0.30004437
1596.00000000,299.84446764,0.21757104,0.08297490,0.30074256
1600.00000000,299.81436453,0.21618694,0.08282190,0.29959766
